Component: Arm Compiler for Embedded 6.22 Tool: armlink [5ee90200]

==============================================================================

Section Cross References

    gd32e23x_it.o(.text.NMI_Handler) refers to gd32e23x_syscfg.o(.text.syscfg_flag_get) for syscfg_flag_get
    gd32e23x_it.o(.ARM.exidx.text.NMI_Handler) refers to gd32e23x_it.o(.text.NMI_Handler) for [Anonymous Symbol]
    gd32e23x_it.o(.ARM.exidx.text.HardFault_Handler) refers to gd32e23x_it.o(.text.HardFault_Handler) for [Anonymous Symbol]
    gd32e23x_it.o(.ARM.exidx.text.SVC_Handler) refers to gd32e23x_it.o(.text.SVC_Handler) for [Anonymous Symbol]
    gd32e23x_it.o(.ARM.exidx.text.PendSV_Handler) refers to gd32e23x_it.o(.text.PendSV_Handler) for [Anonymous Symbol]
    gd32e23x_it.o(.text.SysTick_Handler) refers to systick.o(.text.delay_decrement) for delay_decrement
    gd32e23x_it.o(.ARM.exidx.text.SysTick_Handler) refers to gd32e23x_it.o(.text.SysTick_Handler) for [Anonymous Symbol]
    main.o(.text.app_test) refers to printfa.o(i.__0printf) for printf
    main.o(.text.app_test) refers to main.o(.rodata.str1.1) for [Anonymous Symbol]
    main.o(.ARM.exidx.text.app_test) refers to main.o(.text.app_test) for [Anonymous Symbol]
    main.o(.text.main) refers to systick.o(.text.systick_config) for systick_config
    main.o(.text.main) refers to systick.o(.text.delay_1ms) for delay_1ms
    main.o(.text.main) refers to timer.o(.text.app_timer_init) for app_timer_init
    main.o(.text.main) refers to uart.o(.text.app_usart_init) for app_usart_init
    main.o(.text.main) refers to jump_device.o(.text.app_jump_device_init) for app_jump_device_init
    main.o(.ARM.exidx.text.main) refers to main.o(.text.main) for [Anonymous Symbol]
    systick.o(.text.systick_config) refers to systick.o(.text.SysTick_Config) for SysTick_Config
    systick.o(.text.systick_config) refers to systick.o(.text.__NVIC_SetPriority) for __NVIC_SetPriority
    systick.o(.text.systick_config) refers to system_gd32e23x.o(.data.SystemCoreClock) for SystemCoreClock
    systick.o(.ARM.exidx.text.systick_config) refers to systick.o(.text.systick_config) for [Anonymous Symbol]
    systick.o(.text.SysTick_Config) refers to systick.o(.text.__NVIC_SetPriority) for __NVIC_SetPriority
    systick.o(.ARM.exidx.text.SysTick_Config) refers to systick.o(.text.SysTick_Config) for [Anonymous Symbol]
    systick.o(.ARM.exidx.text.__NVIC_SetPriority) refers to systick.o(.text.__NVIC_SetPriority) for [Anonymous Symbol]
    systick.o(.text.delay_1ms) refers to systick.o(.bss.delay) for [Anonymous Symbol]
    systick.o(.ARM.exidx.text.delay_1ms) refers to systick.o(.text.delay_1ms) for [Anonymous Symbol]
    systick.o(.text.delay_decrement) refers to systick.o(.bss.delay) for [Anonymous Symbol]
    systick.o(.ARM.exidx.text.delay_decrement) refers to systick.o(.text.delay_decrement) for [Anonymous Symbol]
    system_gd32e23x.o(.text.SystemInit) refers to system_gd32e23x.o(.text._soft_delay_) for _soft_delay_
    system_gd32e23x.o(.text.SystemInit) refers to system_gd32e23x.o(.text.system_clock_config) for system_clock_config
    system_gd32e23x.o(.text.SystemInit) refers to gd32e23x_misc.o(.text.nvic_vector_table_set) for nvic_vector_table_set
    system_gd32e23x.o(.ARM.exidx.text.SystemInit) refers to system_gd32e23x.o(.text.SystemInit) for [Anonymous Symbol]
    system_gd32e23x.o(.ARM.exidx.text._soft_delay_) refers to system_gd32e23x.o(.text._soft_delay_) for [Anonymous Symbol]
    system_gd32e23x.o(.text.system_clock_config) refers to system_gd32e23x.o(.text.system_clock_72m_irc8m) for system_clock_72m_irc8m
    system_gd32e23x.o(.ARM.exidx.text.system_clock_config) refers to system_gd32e23x.o(.text.system_clock_config) for [Anonymous Symbol]
    system_gd32e23x.o(.text.SystemCoreClockUpdate) refers to system_gd32e23x.o(.data.SystemCoreClock) for SystemCoreClock
    system_gd32e23x.o(.ARM.exidx.text.SystemCoreClockUpdate) refers to system_gd32e23x.o(.text.SystemCoreClockUpdate) for [Anonymous Symbol]
    system_gd32e23x.o(.ARM.exidx.text.gd32e23x_firmware_version_get) refers to system_gd32e23x.o(.text.gd32e23x_firmware_version_get) for [Anonymous Symbol]
    system_gd32e23x.o(.ARM.exidx.text.system_clock_72m_irc8m) refers to system_gd32e23x.o(.text.system_clock_72m_irc8m) for [Anonymous Symbol]
    startup_gd32e23x.o(RESET) refers to startup_gd32e23x.o(STACK) for __initial_sp
    startup_gd32e23x.o(RESET) refers to startup_gd32e23x.o(.text) for Reset_Handler
    startup_gd32e23x.o(RESET) refers to gd32e23x_it.o(.text.NMI_Handler) for NMI_Handler
    startup_gd32e23x.o(RESET) refers to gd32e23x_it.o(.text.HardFault_Handler) for HardFault_Handler
    startup_gd32e23x.o(RESET) refers to gd32e23x_it.o(.text.SVC_Handler) for SVC_Handler
    startup_gd32e23x.o(RESET) refers to gd32e23x_it.o(.text.PendSV_Handler) for PendSV_Handler
    startup_gd32e23x.o(RESET) refers to gd32e23x_it.o(.text.SysTick_Handler) for SysTick_Handler
[...]
    Removing gd32e23x_usart.o(.text.usart_clock_disable), (30 bytes).
    Removing gd32e23x_usart.o(.ARM.exidx.text.usart_clock_disable), (8 bytes).
    Removing gd32e23x_usart.o(.text.usart_synchronous_clock_config), (84 bytes).
    Removing gd32e23x_usart.o(.ARM.exidx.text.usart_synchronous_clock_config), (8 bytes).
    Removing gd32e23x_usart.o(.text.usart_guard_time_config), (46 bytes).
    Removing gd32e23x_usart.o(.ARM.exidx.text.usart_guard_time_config), (8 bytes).
    Removing gd32e23x_usart.o(.text.usart_smartcard_mode_enable), (28 bytes).
    Removing gd32e23x_usart.o(.ARM.exidx.text.usart_smartcard_mode_enable), (8 bytes).
    Removing gd32e23x_usart.o(.text.usart_smartcard_mode_disable), (28 bytes).
    Removing gd32e23x_usart.o(.ARM.exidx.text.usart_smartcard_mode_disable), (8 bytes).
    Removing gd32e23x_usart.o(.text.usart_smartcard_mode_nack_enable), (28 bytes).
    Removing gd32e23x_usart.o(.ARM.exidx.text.usart_smartcard_mode_nack_enable), (8 bytes).
    Removing gd32e23x_usart.o(.text.usart_smartcard_mode_nack_disable), (28 bytes).
    Removing gd32e23x_usart.o(.ARM.exidx.text.usart_smartcard_mode_nack_disable), (8 bytes).
    Removing gd32e23x_usart.o(.text.usart_smartcard_mode_early_nack_enable), (20 bytes).
    Removing gd32e23x_usart.o(.ARM.exidx.text.usart_smartcard_mode_early_nack_enable), (8 bytes).
    Removing gd32e23x_usart.o(.text.usart_smartcard_mode_early_nack_disable), (20 bytes).
    Removing gd32e23x_usart.o(.ARM.exidx.text.usart_smartcard_mode_early_nack_disable), (8 bytes).
    Removing gd32e23x_usart.o(.text.usart_smartcard_autoretry_config), (46 bytes).
    Removing gd32e23x_usart.o(.ARM.exidx.text.usart_smartcard_autoretry_config), (8 bytes).
    Removing gd32e23x_usart.o(.text.usart_block_length_config), (34 bytes).
    Removing gd32e23x_usart.o(.ARM.exidx.text.usart_block_length_config), (8 bytes).
    Removing gd32e23x_usart.o(.text.usart_irda_mode_enable), (28 bytes).
    Removing gd32e23x_usart.o(.ARM.exidx.text.usart_irda_mode_enable), (8 bytes).
    Removing gd32e23x_usart.o(.text.usart_irda_mode_disable), (28 bytes).
    Removing gd32e23x_usart.o(.ARM.exidx.text.usart_irda_mode_disable), (8 bytes).
    Removing gd32e23x_usart.o(.text.usart_prescaler_config), (40 bytes).
    Removing gd32e23x_usart.o(.ARM.exidx.text.usart_prescaler_config), (8 bytes).
    Removing gd32e23x_usart.o(.text.usart_irda_lowpower_config), (42 bytes).
    Removing gd32e23x_usart.o(.ARM.exidx.text.usart_irda_lowpower_config), (8 bytes).
    Removing gd32e23x_usart.o(.ARM.exidx.text.usart_hardware_flow_rts_config), (8 bytes).
    Removing gd32e23x_usart.o(.ARM.exidx.text.usart_hardware_flow_cts_config), (8 bytes).
    Removing gd32e23x_usart.o(.text.usart_hardware_flow_coherence_config), (34 bytes).
    Removing gd32e23x_usart.o(.ARM.exidx.text.usart_hardware_flow_coherence_config), (8 bytes).
    Removing gd32e23x_usart.o(.text.usart_rs485_driver_enable), (30 bytes).
    Removing gd32e23x_usart.o(.ARM.exidx.text.usart_rs485_driver_enable), (8 bytes).
    Removing gd32e23x_usart.o(.text.usart_rs485_driver_disable), (30 bytes).
    Removing gd32e23x_usart.o(.ARM.exidx.text.usart_rs485_driver_disable), (8 bytes).
    Removing gd32e23x_usart.o(.text.usart_driver_assertime_config), (46 bytes).
    Removing gd32e23x_usart.o(.ARM.exidx.text.usart_driver_assertime_config), (8 bytes).
    Removing gd32e23x_usart.o(.text.usart_driver_deassertime_config), (46 bytes).
    Removing gd32e23x_usart.o(.ARM.exidx.text.usart_driver_deassertime_config), (8 bytes).
    Removing gd32e23x_usart.o(.text.usart_depolarity_config), (44 bytes).
    Removing gd32e23x_usart.o(.ARM.exidx.text.usart_depolarity_config), (8 bytes).
    Removing gd32e23x_usart.o(.text.usart_dma_receive_config), (30 bytes).
    Removing gd32e23x_usart.o(.ARM.exidx.text.usart_dma_receive_config), (8 bytes).
    Removing gd32e23x_usart.o(.text.usart_dma_transmit_config), (30 bytes).
    Removing gd32e23x_usart.o(.ARM.exidx.text.usart_dma_transmit_config), (8 bytes).
    Removing gd32e23x_usart.o(.text.usart_reception_error_dma_disable), (30 bytes).
    Removing gd32e23x_usart.o(.ARM.exidx.text.usart_reception_error_dma_disable), (8 bytes).
    Removing gd32e23x_usart.o(.text.usart_reception_error_dma_enable), (30 bytes).
    Removing gd32e23x_usart.o(.ARM.exidx.text.usart_reception_error_dma_enable), (8 bytes).
    Removing gd32e23x_usart.o(.text.usart_wakeup_enable), (18 bytes).
    Removing gd32e23x_usart.o(.ARM.exidx.text.usart_wakeup_enable), (8 bytes).
    Removing gd32e23x_usart.o(.text.usart_wakeup_disable), (18 bytes).
    Removing gd32e23x_usart.o(.ARM.exidx.text.usart_wakeup_disable), (8 bytes).
    Removing gd32e23x_usart.o(.text.usart_wakeup_mode_config), (44 bytes).
    Removing gd32e23x_usart.o(.ARM.exidx.text.usart_wakeup_mode_config), (8 bytes).
    Removing gd32e23x_usart.o(.text.usart_receive_fifo_enable), (22 bytes).
    Removing gd32e23x_usart.o(.ARM.exidx.text.usart_receive_fifo_enable), (8 bytes).
    Removing gd32e23x_usart.o(.text.usart_receive_fifo_disable), (22 bytes).
    Removing gd32e23x_usart.o(.ARM.exidx.text.usart_receive_fifo_disable), (8 bytes).
    Removing gd32e23x_usart.o(.text.usart_receive_fifo_counter_number), (22 bytes).
    Removing gd32e23x_usart.o(.ARM.exidx.text.usart_receive_fifo_counter_number), (8 bytes).
    Removing gd32e23x_usart.o(.ARM.exidx.text.usart_flag_get), (8 bytes).
    Removing gd32e23x_usart.o(.ARM.exidx.text.usart_flag_clear), (8 bytes).
    Removing gd32e23x_usart.o(.ARM.exidx.text.usart_interrupt_enable), (8 bytes).
    Removing gd32e23x_usart.o(.text.usart_interrupt_disable), (34 bytes).
    Removing gd32e23x_usart.o(.ARM.exidx.text.usart_interrupt_disable), (8 bytes).
    Removing gd32e23x_usart.o(.text.usart_command_enable), (20 bytes).
    Removing gd32e23x_usart.o(.ARM.exidx.text.usart_command_enable), (8 bytes).
    Removing gd32e23x_usart.o(.ARM.exidx.text.usart_interrupt_flag_get), (8 bytes).
    Removing gd32e23x_usart.o(.ARM.exidx.text.usart_interrupt_flag_clear), (8 bytes).
    Removing gd32e23x_wwdgt.o(.text), (0 bytes).
    Removing gd32e23x_wwdgt.o(.text.wwdgt_deinit), (28 bytes).
    Removing gd32e23x_wwdgt.o(.ARM.exidx.text.wwdgt_deinit), (8 bytes).
    Removing gd32e23x_wwdgt.o(.text.wwdgt_enable), (16 bytes).
    Removing gd32e23x_wwdgt.o(.ARM.exidx.text.wwdgt_enable), (8 bytes).
    Removing gd32e23x_wwdgt.o(.text.wwdgt_counter_update), (28 bytes).
    Removing gd32e23x_wwdgt.o(.ARM.exidx.text.wwdgt_counter_update), (8 bytes).
    Removing gd32e23x_wwdgt.o(.text.wwdgt_config), (52 bytes).
    Removing gd32e23x_wwdgt.o(.ARM.exidx.text.wwdgt_config), (8 bytes).
    Removing gd32e23x_wwdgt.o(.text.wwdgt_flag_get), (40 bytes).
    Removing gd32e23x_wwdgt.o(.ARM.exidx.text.wwdgt_flag_get), (8 bytes).
    Removing gd32e23x_wwdgt.o(.text.wwdgt_flag_clear), (16 bytes).
    Removing gd32e23x_wwdgt.o(.ARM.exidx.text.wwdgt_flag_clear), (8 bytes).
    Removing gd32e23x_wwdgt.o(.text.wwdgt_interrupt_enable), (20 bytes).
    Removing gd32e23x_wwdgt.o(.ARM.exidx.text.wwdgt_interrupt_enable), (8 bytes).
    Removing uart.o(.text), (0 bytes).
    Removing uart.o(.ARM.exidx.text.app_usart0_rx_callback), (8 bytes).
    Removing uart.o(.ARM.exidx.text.app_usart_init), (8 bytes).
    Removing uart.o(.ARM.exidx.text.USART0_IRQHandler), (8 bytes).
    Removing uart.o(.text.app_usart0_send_byte), (48 bytes).
    Removing uart.o(.ARM.exidx.text.app_usart0_send_byte), (8 bytes).
    Removing uart.o(.text.app_usart0_send_string), (34 bytes).
    Removing uart.o(.ARM.exidx.text.app_usart0_send_string), (8 bytes).
    Removing uart.o(.ARM.exidx.text.fputc), (8 bytes).
    Removing led.o(.text), (0 bytes).
    Removing adc.o(.text), (0 bytes).
    Removing adc.o(.ARM.exidx.text.app_adc_callback), (8 bytes).
    Removing adc.o(.ARM.exidx.text.app_adc_init), (8 bytes).
    Removing adc.o(.ARM.exidx.text.rcu_config), (8 bytes).
    Removing adc.o(.ARM.exidx.text.adc_config), (8 bytes).
    Removing adc.o(.ARM.exidx.text.app_get_value), (8 bytes).
    Removing timer.o(.text), (0 bytes).
    Removing timer.o(.ARM.exidx.text.app_timer_init), (8 bytes).
    Removing timer.o(.ARM.exidx.text.TIMER14_IRQHandler), (8 bytes).
    Removing timer.o(.ARM.exidx.text.app_timer_start), (8 bytes).
    Removing timer.o(.ARM.exidx.text.app_timer_stop), (8 bytes).
    Removing timer.o(.text.app_timer_is_active), (60 bytes).
    Removing timer.o(.ARM.exidx.text.app_timer_is_active), (8 bytes).
    Removing timer.o(.text.app_timer_process), (176 bytes).
    Removing timer.o(.ARM.exidx.text.app_timer_process), (8 bytes).
    Removing gpio.o(.text), (0 bytes).
    Removing gpio.o(.data.PA0), (8 bytes).
    Removing gpio.o(.data.PA1), (8 bytes).
    Removing gpio.o(.data.PA2), (8 bytes).
    Removing gpio.o(.data.PA3), (8 bytes).
    Removing gpio.o(.data.PA4), (8 bytes).
    Removing gpio.o(.data.PA5), (8 bytes).
    Removing gpio.o(.data.PA6), (8 bytes).
    Removing gpio.o(.data.PA7), (8 bytes).
    Removing gpio.o(.data.PA9), (8 bytes).
    Removing gpio.o(.data.PA10), (8 bytes).
    Removing gpio.o(.data.PA11), (8 bytes).
    Removing gpio.o(.data.PA12), (8 bytes).
    Removing gpio.o(.data.PA13), (8 bytes).
    Removing gpio.o(.data.PA14), (8 bytes).
    Removing gpio.o(.data.PB0), (8 bytes).
    Removing gpio.o(.data.PB1), (8 bytes).
    Removing gpio.o(.data.PB2), (8 bytes).
    Removing gpio.o(.data.PB7), (8 bytes).
    Removing gpio.o(.data.PB9), (8 bytes).
    Removing gpio.o(.data.PB10), (8 bytes).
    Removing gpio.o(.data.PB11), (8 bytes).
    Removing base.o(.text), (0 bytes).
    Removing base.o(.ARM.exidx.text.app_calculate_average), (8 bytes).
    Removing base.o(.ARM.exidx.text.app_slow_ctrl_led), (8 bytes).
    Removing base.o(.ARM.exidx.text.app_start_open_led), (8 bytes).
    Removing base.o(.ARM.exidx.text.app_start_close_led), (8 bytes).
    Removing base.o(.ARM.exidx.text.app_ctrl_gpio), (8 bytes).
    Removing panel_key6.o(.text), (0 bytes).
    Removing panel_key6.o(.ARM.exidx.text.my_rx_callback), (8 bytes).
    Removing panel_key6.o(.ARM.exidx.text.panel_key6_init), (8 bytes).
    Removing panel_key6.o(.ARM.exidx.text.panel_gpio_init), (8 bytes).
    Removing panel_key6.o(.ARM.exidx.text.panel_adc_cb), (8 bytes).
    Removing panel_key6.o(.ARM.exidx.text.panel_ctrl_led), (8 bytes).
    Removing panel_key6.o(.ARM.exidx.text.app_ctrl_gpio), (8 bytes).
    Removing panel_key6.o(.bss.rx_buffer), (512 bytes).
    Removing jump_device.o(.text), (0 bytes).
    Removing jump_device.o(.ARM.exidx.text.app_jump_device_init), (8 bytes).

1076 unused section(s) (total 32741 bytes) removed from the image.

==============================================================================

Image Symbol Table

    Local Symbols

    Symbol Name                              Value     Ov Type        Size  Object(Section)

    ../clib/division.s                       0x00000000   Number         0  aeabi_sdiv.o ABSOLUTE
    ../clib/division.s                       0x00000000   Number         0  aeabi_sdiv_div0.o ABSOLUTE
    ../clib/microlib/division.c              0x00000000   Number         0  uidiv.o ABSOLUTE
    ../clib/microlib/division.c              0x00000000   Number         0  uldiv.o ABSOLUTE
    ../clib/microlib/division.c              0x00000000   Number         0  uidiv_div0.o ABSOLUTE
    ../clib/microlib/division.c              0x00000000   Number         0  idiv_div0.o ABSOLUTE
    ../clib/microlib/division.c              0x00000000   Number         0  idiv0.o ABSOLUTE
    ../clib/microlib/init/entry.s            0x00000000   Number         0  entry.o ABSOLUTE
    ../clib/microlib/init/entry.s            0x00000000   Number         0  entry2.o ABSOLUTE
    ../clib/microlib/init/entry.s            0x00000000   Number         0  entry5.o ABSOLUTE
    ../clib/microlib/init/entry.s            0x00000000   Number         0  entry7a.o ABSOLUTE
    ../clib/microlib/init/entry.s            0x00000000   Number         0  entry7b.o ABSOLUTE
    ../clib/microlib/init/entry.s            0x00000000   Number         0  entry8a.o ABSOLUTE
    ../clib/microlib/init/entry.s            0x00000000   Number         0  entry8b.o ABSOLUTE
    ../clib/microlib/init/entry.s            0x00000000   Number         0  entry9a.o ABSOLUTE
    ../clib/microlib/init/entry.s            0x00000000   Number         0  entry9b.o ABSOLUTE
    ../clib/microlib/init/entry.s            0x00000000   Number         0  entry10a.o ABSOLUTE
    ../clib/microlib/init/entry.s            0x00000000   Number         0  entry10b.o ABSOLUTE
    ../clib/microlib/init/entry.s            0x00000000   Number         0  entry11a.o ABSOLUTE
    ../clib/microlib/init/entry.s            0x00000000   Number         0  entry11b.o ABSOLUTE
    ../clib/microlib/longlong.c              0x00000000   Number         0  llshl.o ABSOLUTE
    ../clib/microlib/longlong.c              0x00000000   Number         0  llushr.o ABSOLUTE
    ../clib/microlib/longlong.c              0x00000000   Number         0  llsshr.o ABSOLUTE
    ../clib/microlib/printf/printf.c         0x00000000   Number         0  printfa.o ABSOLUTE
    ../clib/microlib/stdio/streams.c         0x00000000   Number         0  stdout.o ABSOLUTE
    ../clib/microlib/string/memset.c         0x00000000   Number         0  memseta.o ABSOLUTE
    ../clib/microlib/stubs.s                 0x00000000   Number         0  iusefp.o ABSOLUTE
    ../fplib/microlib/d2f.c                  0x00000000   Number         0  d2f.o ABSOLUTE
    ../fplib/microlib/fpadd.c                0x00000000   Number         0  fadd.o ABSOLUTE
    ../fplib/microlib/fpadd.c                0x00000000   Number         0  dadd.o ABSOLUTE
    ../fplib/microlib/fpcmp.c                0x00000000   Number         0  fcmplt.o ABSOLUTE
    ../fplib/microlib/fpcmp.c                0x00000000   Number         0  fcmpgt.o ABSOLUTE
    ../fplib/microlib/fpdiv.c                0x00000000   Number         0  fdiv.o ABSOLUTE
    ../fplib/microlib/fpdiv.c                0x00000000   Number         0  ddiv.o ABSOLUTE
    ../fplib/microlib/fpepilogue.c           0x00000000   Number         0  fepilogue.o ABSOLUTE
    ../fplib/microlib/fpepilogue.c           0x00000000   Number         0  depilogue.o ABSOLUTE
    ../fplib/microlib/fpfix.c                0x00000000   Number         0  dfixul.o ABSOLUTE
    ../fplib/microlib/fpflt.c                0x00000000   Number         0  ffltui.o ABSOLUTE
    ../fplib/microlib/fpflt.c                0x00000000   Number         0  dfltui.o ABSOLUTE
    ../fplib/microlib/fpmul.c                0x00000000   Number         0  dmul.o ABSOLUTE
    ..\..\Firmware\CMSIS\GD\GD32E23x\Source\ARM\startup_gd32e23x.s 0x00000000   Number         0  startup_gd32e23x.o ABSOLUTE
    adc.c                                    0x00000000   Number         0  adc.o ABSOLUTE
    base.c                                   0x00000000   Number         0  base.o ABSOLUTE
    cdrcmple.s                               0x00000000   Number         0  cdrcmple.o ABSOLUTE
    dc.s                                     0x00000000   Number         0  dc.o ABSOLUTE
    gd32e230c_eval.c                         0x00000000   Number         0  gd32e230c_eval.o ABSOLUTE
    gd32e23x_adc.c                           0x00000000   Number         0  gd32e23x_adc.o ABSOLUTE
    gd32e23x_cmp.c                           0x00000000   Number         0  gd32e23x_cmp.o ABSOLUTE
    gd32e23x_crc.c                           0x00000000   Number         0  gd32e23x_crc.o ABSOLUTE
    gd32e23x_dbg.c                           0x00000000   Number         0  gd32e23x_dbg.o ABSOLUTE
    gd32e23x_dma.c                           0x00000000   Number         0  gd32e23x_dma.o ABSOLUTE
    gd32e23x_exti.c                          0x00000000   Number         0  gd32e23x_exti.o ABSOLUTE
    gd32e23x_fmc.c                           0x00000000   Number         0  gd32e23x_fmc.o ABSOLUTE
    gd32e23x_fwdgt.c                         0x00000000   Number         0  gd32e23x_fwdgt.o ABSOLUTE
    gd32e23x_gpio.c                          0x00000000   Number         0  gd32e23x_gpio.o ABSOLUTE
    gd32e23x_i2c.c                           0x00000000   Number         0  gd32e23x_i2c.o ABSOLUTE
    gd32e23x_it.c                            0x00000000   Number         0  gd32e23x_it.o ABSOLUTE
    gd32e23x_misc.c                          0x00000000   Number         0  gd32e23x_misc.o ABSOLUTE
    gd32e23x_pmu.c                           0x00000000   Number         0  gd32e23x_pmu.o ABSOLUTE
    gd32e23x_rcu.c                           0x00000000   Number         0  gd32e23x_rcu.o ABSOLUTE
    gd32e23x_rtc.c                           0x00000000   Number         0  gd32e23x_rtc.o ABSOLUTE
    gd32e23x_spi.c                           0x00000000   Number         0  gd32e23x_spi.o ABSOLUTE
    gd32e23x_syscfg.c                        0x00000000   Number         0  gd32e23x_syscfg.o ABSOLUTE
    gd32e23x_timer.c                         0x00000000   Number         0  gd32e23x_timer.o ABSOLUTE
    gd32e23x_usart.c                         0x00000000   Number         0  gd32e23x_usart.o ABSOLUTE
    gd32e23x_wwdgt.c                         0x00000000   Number         0  gd32e23x_wwdgt.o ABSOLUTE
    gpio.c                                   0x00000000   Number         0  gpio.o ABSOLUTE
    handlers.s                               0x00000000   Number         0  handlers.o ABSOLUTE
    init.s                                   0x00000000   Number         0  init.o ABSOLUTE
    jump_device.c                            0x00000000   Number         0  jump_device.o ABSOLUTE
    led.c                                    0x00000000   Number         0  led.o ABSOLUTE
    main.c                                   0x00000000   Number         0  main.o ABSOLUTE
    panel_key6.c                             0x00000000   Number         0  panel_key6.o ABSOLUTE
    system_gd32e23x.c                        0x00000000   Number         0  system_gd32e23x.o ABSOLUTE
    systick.c                                0x00000000   Number         0  systick.o ABSOLUTE
    timer.c                                  0x00000000   Number         0  timer.o ABSOLUTE
    uart.c                                   0x00000000   Number         0  uart.o ABSOLUTE
    RESET                                    0x08000000   Section      204  startup_gd32e23x.o(RESET)
    .ARM.Collect$$$$00000000                 0x080000cc   Section        0  entry.o(.ARM.Collect$$$$00000000)
    .ARM.Collect$$$$00000001                 0x080000cc   Section        4  entry2.o(.ARM.Collect$$$$00000001)
    .ARM.Collect$$$$00000004                 0x080000d0   Section        4  entry5.o(.ARM.Collect$$$$00000004)
    .ARM.Collect$$$$00000008                 0x080000d4   Section        0  entry7b.o(.ARM.Collect$$$$00000008)
    .ARM.Collect$$$$0000000A                 0x080000d4   Section        0  entry8b.o(.ARM.Collect$$$$0000000A)
    .ARM.Collect$$$$0000000B                 0x080000d4   Section        8  entry9a.o(.ARM.Collect$$$$0000000B)
    __lit__00000000                          0x080000dc   Data           4  entry2.o(.ARM.Collect$$$$00002712)
    .ARM.Collect$$$$0000000D                 0x080000dc   Section        0  entry10a.o(.ARM.Collect$$$$0000000D)
    .ARM.Collect$$$$0000000F                 0x080000dc   Section        0  entry11a.o(.ARM.Collect$$$$0000000F)
    .ARM.Collect$$$$00002712                 0x080000dc   Section        4  entry2.o(.ARM.Collect$$$$00002712)
    .text                                    0x080000e0   Section       68  startup_gd32e23x.o(.text)
    .text                                    0x08000124   Section        0  fadd.o(.text)
    .text                                    0x080001d6   Section        0  fdiv.o(.text)
    .text                                    0x08000254   Section        0  dmul.o(.text)
    .text                                    0x08000324   Section        0  ddiv.o(.text)
    .text                                    0x08000414   Section        0  fcmplt.o(.text)
    .text                                    0x08000430   Section        0  fcmpgt.o(.text)
    .text                                    0x0800044c   Section        0  ffltui.o(.text)
    .text                                    0x0800045c   Section        0  dfltui.o(.text)
    .text                                    0x08000478   Section        0  d2f.o(.text)
    .text                                    0x080004b0   Section        0  uldiv.o(.text)
    .text                                    0x08000510   Section        0  iusefp.o(.text)
    .text                                    0x08000510   Section        0  fepilogue.o(.text)
    .text                                    0x08000592   Section        0  depilogue.o(.text)
    .text                                    0x08000650   Section        0  dadd.o(.text)
    .text                                    0x080007b4   Section        0  dfixul.o(.text)
    .text                                    0x080007f4   Section       40  cdrcmple.o(.text)
    .text                                    0x0800081c   Section       48  init.o(.text)
    .text                                    0x0800084c   Section        0  uidiv_div0.o(.text)
    .text                                    0x0800088a   Section        0  llshl.o(.text)
    .text                                    0x080008aa   Section        0  llushr.o(.text)
    .text                                    0x080008cc   Section        0  llsshr.o(.text)
    [Anonymous Symbol]                       0x080008f2   Section        0  gd32e23x_it.o(.text.HardFault_Handler)
    [Anonymous Symbol]                       0x080008f6   Section        0  gd32e23x_it.o(.text.NMI_Handler)
    [Anonymous Symbol]                       0x0800091a   Section        0  gd32e23x_it.o(.text.PendSV_Handler)
    [Anonymous Symbol]                       0x0800091e   Section        0  gd32e23x_it.o(.text.SVC_Handler)
    SysTick_Config                           0x08000925   Thumb Code    64  systick.o(.text.SysTick_Config)
    [Anonymous Symbol]                       0x08000924   Section        0  systick.o(.text.SysTick_Config)
    __arm_cp.1_0                             0x08000964   Number         4  systick.o(.text.SysTick_Config)
    __arm_cp.1_1                             0x08000968   Number         4  systick.o(.text.SysTick_Config)
    __arm_cp.1_2                             0x0800096c   Number         4  systick.o(.text.SysTick_Config)
    [Anonymous Symbol]                       0x08000970   Section        0  gd32e23x_it.o(.text.SysTick_Handler)
    [Anonymous Symbol]                       0x08000978   Section        0  system_gd32e23x.o(.text.SystemInit)
    __arm_cp.0_0                             0x08000a88   Number         4  system_gd32e23x.o(.text.SystemInit)
    __arm_cp.0_1                             0x08000a8c   Number         4  system_gd32e23x.o(.text.SystemInit)
    __arm_cp.0_2                             0x08000a90   Number         4  system_gd32e23x.o(.text.SystemInit)
    __arm_cp.0_3                             0x08000a94   Number         4  system_gd32e23x.o(.text.SystemInit)
    __arm_cp.0_4                             0x08000a98   Number         4  system_gd32e23x.o(.text.SystemInit)
    __arm_cp.0_5                             0x08000a9c   Number         4  system_gd32e23x.o(.text.SystemInit)
    __arm_cp.0_6                             0x08000aa0   Number         4  system_gd32e23x.o(.text.SystemInit)
    __arm_cp.0_7                             0x08000aa4   Number         4  system_gd32e23x.o(.text.SystemInit)
    __arm_cp.0_8                             0x08000aa8   Number         4  system_gd32e23x.o(.text.SystemInit)
    [Anonymous Symbol]                       0x08000aac   Section        0  timer.o(.text.TIMER14_IRQHandler)
    __arm_cp.1_0                             0x08000b5c   Number         4  timer.o(.text.TIMER14_IRQHandler)
    __arm_cp.1_1                             0x08000b60   Number         4  timer.o(.text.TIMER14_IRQHandler)
    __arm_cp.1_2                             0x08000b64   Number         4  timer.o(.text.TIMER14_IRQHandler)
    [Anonymous Symbol]                       0x08000b68   Section        0  uart.o(.text.USART0_IRQHandler)
    __arm_cp.2_0                             0x08000c5c   Number         4  uart.o(.text.USART0_IRQHandler)
    __arm_cp.2_1                             0x08000c60   Number         4  uart.o(.text.USART0_IRQHandler)
    __arm_cp.2_2                             0x08000c64   Number         4  uart.o(.text.USART0_IRQHandler)
    __arm_cp.2_3                             0x08000c68   Number         4  uart.o(.text.USART0_IRQHandler)
    __arm_cp.2_4                             0x08000c6c   Number         4  uart.o(.text.USART0_IRQHandler)
    __arm_cp.2_5                             0x08000c70   Number         4  uart.o(.text.USART0_IRQHandler)
    __arm_cp.2_6                             0x08000c74   Number         4  uart.o(.text.USART0_IRQHandler)
    __arm_cp.2_7                             0x08000c78   Number         4  uart.o(.text.USART0_IRQHandler)
    __arm_cp.2_8                             0x08000c7c   Number         4  uart.o(.text.USART0_IRQHandler)
    __NVIC_EnableIRQ                         0x08000c81   Thumb Code    48  gd32e23x_misc.o(.text.__NVIC_EnableIRQ)
    [Anonymous Symbol]                       0x08000c80   Section        0  gd32e23x_misc.o(.text.__NVIC_EnableIRQ)
    __arm_cp.2_0                             0x08000cb0   Number         4  gd32e23x_misc.o(.text.__NVIC_EnableIRQ)
    __NVIC_SetPriority                       0x08000cb5   Thumb Code   124  systick.o(.text.__NVIC_SetPriority)
    [Anonymous Symbol]                       0x08000cb4   Section        0  systick.o(.text.__NVIC_SetPriority)
    __NVIC_SetPriority                       0x08000d31   Thumb Code   124  gd32e23x_misc.o(.text.__NVIC_SetPriority)
    [Anonymous Symbol]                       0x08000d30   Section        0  gd32e23x_misc.o(.text.__NVIC_SetPriority)
    __arm_cp.1_0                             0x08000dac   Number         4  gd32e23x_misc.o(.text.__NVIC_SetPriority)
    __arm_cp.1_1                             0x08000db0   Number         4  gd32e23x_misc.o(.text.__NVIC_SetPriority)
    _soft_delay_                             0x08000db5   Thumb Code    38  system_gd32e23x.o(.text._soft_delay_)
    [Anonymous Symbol]                       0x08000db4   Section        0  system_gd32e23x.o(.text._soft_delay_)
    [Anonymous Symbol]                       0x08000ddc   Section        0  gd32e23x_adc.o(.text.adc_calibration_enable)
    [Anonymous Symbol]                       0x08000e14   Section        0  gd32e23x_adc.o(.text.adc_channel_length_config)
    __arm_cp.11_1                            0x08000e74   Number         4  gd32e23x_adc.o(.text.adc_channel_length_config)
    __arm_cp.11_2                            0x08000e78   Number         4  gd32e23x_adc.o(.text.adc_channel_length_config)
    [Anonymous Symbol]                       0x08000e7c   Section        0  adc.o(.text.adc_config)
    [Anonymous Symbol]                       0x08000f28   Section        0  gd32e23x_adc.o(.text.adc_data_alignment_config)
    [Anonymous Symbol]                       0x08000f54   Section        0  gd32e23x_adc.o(.text.adc_enable)
    [Anonymous Symbol]                       0x08000f6c   Section        0  gd32e23x_adc.o(.text.adc_external_trigger_config)
    [Anonymous Symbol]                       0x08000fe8   Section        0  gd32e23x_adc.o(.text.adc_external_trigger_source_config)
    [Anonymous Symbol]                       0x08001038   Section        0  gd32e23x_adc.o(.text.adc_inserted_channel_config)
    __arm_cp.13_0                            0x08001108   Number         4  gd32e23x_adc.o(.text.adc_inserted_channel_config)
    __arm_cp.13_1                            0x0800110c   Number         4  gd32e23x_adc.o(.text.adc_inserted_channel_config)
    __arm_cp.13_2                            0x08001110   Number         4  gd32e23x_adc.o(.text.adc_inserted_channel_config)
    [Anonymous Symbol]                       0x08001114   Section        0  gd32e23x_adc.o(.text.adc_software_trigger_enable)
    __arm_cp.17_0                            0x08001150   Number         4  gd32e23x_adc.o(.text.adc_software_trigger_enable)
    [Anonymous Symbol]                       0x08001154   Section        0  gd32e23x_adc.o(.text.adc_special_function_config)
    __arm_cp.9_0                             0x08001200   Number         4  gd32e23x_adc.o(.text.adc_special_function_config)
    __arm_cp.9_1                             0x08001204   Number         4  gd32e23x_adc.o(.text.adc_special_function_config)
    [Anonymous Symbol]                       0x08001208   Section        0  adc.o(.text.app_adc_callback)
    [Anonymous Symbol]                       0x08001218   Section        0  adc.o(.text.app_adc_init)
    __arm_cp.1_0                             0x0800126c   Number         4  adc.o(.text.app_adc_init)
    __arm_cp.1_1                             0x08001270   Number         4  adc.o(.text.app_adc_init)
    [Anonymous Symbol]                       0x08001274   Section        0  base.o(.text.app_calculate_average)
    __arm_cp.0_0                             0x080012fc   Number         4  base.o(.text.app_calculate_average)
    app_ctrl_gpio                            0x08001301   Thumb Code    64  base.o(.text.app_ctrl_gpio)
    [Anonymous Symbol]                       0x08001300   Section        0  base.o(.text.app_ctrl_gpio)
    app_ctrl_gpio                            0x08001341   Thumb Code    64  panel_key6.o(.text.app_ctrl_gpio)
    [Anonymous Symbol]                       0x08001340   Section        0  panel_key6.o(.text.app_ctrl_gpio)
    [Anonymous Symbol]                       0x08001380   Section        0  adc.o(.text.app_get_value)
    __arm_cp.4_0                             0x080013c0   Number         4  adc.o(.text.app_get_value)
    __arm_cp.4_1                             0x080013c4   Number         4  adc.o(.text.app_get_value)
    __arm_cp.4_2                             0x080013c8   Number         4  adc.o(.text.app_get_value)
    __arm_cp.4_3                             0x080013cc   Number         4  adc.o(.text.app_get_value)
    __arm_cp.4_4                             0x080013d0   Number         4  adc.o(.text.app_get_value)
    [Anonymous Symbol]                       0x080013d4   Section        0  jump_device.o(.text.app_jump_device_init)
    [Anonymous Symbol]                       0x080013dc   Section        0  base.o(.text.app_slow_ctrl_led)
    __arm_cp.1_1                             0x08001428   Number         4  base.o(.text.app_slow_ctrl_led)
    __arm_cp.1_3                             0x0800142c   Number         4  base.o(.text.app_slow_ctrl_led)
    [Anonymous Symbol]                       0x08001430   Section        0  base.o(.text.app_start_close_led)
    [Anonymous Symbol]                       0x080014ac   Section        0  base.o(.text.app_start_open_led)
    __arm_cp.2_0                             0x0800153c   Number         4  base.o(.text.app_start_open_led)
    __arm_cp.2_1                             0x08001540   Number         4  base.o(.text.app_start_open_led)
    __arm_cp.2_2                             0x08001544   Number         4  base.o(.text.app_start_open_led)
    [Anonymous Symbol]                       0x08001548   Section        0  timer.o(.text.app_timer_init)
    __arm_cp.0_0                             0x08001598   Number         4  timer.o(.text.app_timer_init)
    __arm_cp.0_1                             0x0800159c   Number         4  timer.o(.text.app_timer_init)
    [Anonymous Symbol]                       0x080015a0   Section        0  timer.o(.text.app_timer_start)
    __arm_cp.2_1                             0x0800164c   Number         4  timer.o(.text.app_timer_start)
    [Anonymous Symbol]                       0x08001650   Section        0  timer.o(.text.app_timer_stop)
    __arm_cp.3_0                             0x08001674   Number         4  timer.o(.text.app_timer_stop)
    [Anonymous Symbol]                       0x08001678   Section        0  uart.o(.text.app_usart0_rx_callback)
    __arm_cp.0_0                             0x08001688   Number         4  uart.o(.text.app_usart0_rx_callback)
    [Anonymous Symbol]                       0x0800168c   Section        0  uart.o(.text.app_usart_init)
    __arm_cp.1_0                             0x080017f4   Number         4  uart.o(.text.app_usart_init)
    __arm_cp.1_1                             0x080017f8   Number         4  uart.o(.text.app_usart_init)
    __arm_cp.1_2                             0x080017fc   Number         4  uart.o(.text.app_usart_init)
    __arm_cp.1_4                             0x08001800   Number         4  uart.o(.text.app_usart_init)
    __arm_cp.1_5                             0x08001804   Number         4  uart.o(.text.app_usart_init)
    [Anonymous Symbol]                       0x08001808   Section        0  systick.o(.text.delay_1ms)
    [Anonymous Symbol]                       0x08001824   Section        0  systick.o(.text.delay_decrement)
    __arm_cp.4_0                             0x08001838   Number         4  systick.o(.text.delay_decrement)
    [Anonymous Symbol]                       0x0800183c   Section        0  uart.o(.text.fputc)
    __arm_cp.5_0                             0x08001864   Number         4  uart.o(.text.fputc)
    __arm_cp.5_1                             0x08001868   Number         4  uart.o(.text.fputc)
    [Anonymous Symbol]                       0x0800186c   Section        0  gd32e23x_gpio.o(.text.gpio_af_set)
    [Anonymous Symbol]                       0x0800192c   Section        0  gd32e23x_gpio.o(.text.gpio_bit_reset)
    [Anonymous Symbol]                       0x0800193c   Section        0  gd32e23x_gpio.o(.text.gpio_bit_set)
    [Anonymous Symbol]                       0x0800194c   Section        0  gd32e23x_gpio.o(.text.gpio_mode_set)
    [Anonymous Symbol]                       0x080019da   Section        0  gd32e23x_gpio.o(.text.gpio_output_options_set)
    [Anonymous Symbol]                       0x08001a64   Section        0  main.o(.text.main)
    [Anonymous Symbol]                       0x08001a9c   Section        0  panel_key6.o(.text.my_rx_callback)
    __arm_cp.0_0                             0x08001ae4   Number         4  panel_key6.o(.text.my_rx_callback)
    __arm_cp.0_1                             0x08001ae8   Number         4  panel_key6.o(.text.my_rx_callback)
    __arm_cp.0_2                             0x08001aec   Number         4  panel_key6.o(.text.my_rx_callback)
    __arm_cp.0_3                             0x08001af0   Number         4  panel_key6.o(.text.my_rx_callback)
    [Anonymous Symbol]                       0x08001af4   Section        0  gd32e23x_misc.o(.text.nvic_irq_enable)
    [Anonymous Symbol]                       0x08001b20   Section        0  gd32e23x_misc.o(.text.nvic_vector_table_set)
    __arm_cp.7_0                             0x08001b3c   Number         4  gd32e23x_misc.o(.text.nvic_vector_table_set)
    __arm_cp.7_1                             0x08001b40   Number         4  gd32e23x_misc.o(.text.nvic_vector_table_set)
    [Anonymous Symbol]                       0x08001b44   Section        0  panel_key6.o(.text.panel_adc_cb)
    __arm_cp.3_0                             0x08001c44   Number         4  panel_key6.o(.text.panel_adc_cb)
    __arm_cp.3_1                             0x08001c48   Number         4  panel_key6.o(.text.panel_adc_cb)
    __arm_cp.3_2                             0x08001c4c   Number         4  panel_key6.o(.text.panel_adc_cb)
    __arm_cp.3_3                             0x08001c50   Number         4  panel_key6.o(.text.panel_adc_cb)
    __arm_cp.3_4                             0x08001c54   Number         4  panel_key6.o(.text.panel_adc_cb)
    __arm_cp.3_5                             0x08001c58   Number         4  panel_key6.o(.text.panel_adc_cb)
    [Anonymous Symbol]                       0x08001c5c   Section        0  panel_key6.o(.text.panel_ctrl_led)
    __arm_cp.4_0                             0x08001d3c   Number         4  panel_key6.o(.text.panel_ctrl_led)
    __arm_cp.4_1                             0x08001d40   Number         4  panel_key6.o(.text.panel_ctrl_led)
    __arm_cp.4_2                             0x08001d44   Number         4  panel_key6.o(.text.panel_ctrl_led)
    __arm_cp.4_3                             0x08001d48   Number         4  panel_key6.o(.text.panel_ctrl_led)
    __arm_cp.4_4                             0x08001d4c   Number         4  panel_key6.o(.text.panel_ctrl_led)
    __arm_cp.4_5                             0x08001d50   Number         4  panel_key6.o(.text.panel_ctrl_led)
    __arm_cp.4_6                             0x08001d54   Number         4  panel_key6.o(.text.panel_ctrl_led)
    __arm_cp.4_7                             0x08001d58   Number         4  panel_key6.o(.text.panel_ctrl_led)
    __arm_cp.4_8                             0x08001d5c   Number         4  panel_key6.o(.text.panel_ctrl_led)
    __arm_cp.4_9                             0x08001d60   Number         4  panel_key6.o(.text.panel_ctrl_led)
    [Anonymous Symbol]                       0x08001d64   Section        0  panel_key6.o(.text.panel_gpio_init)
    __arm_cp.2_0                             0x08001e14   Number         4  panel_key6.o(.text.panel_gpio_init)
    __arm_cp.2_1                             0x08001e18   Number         4  panel_key6.o(.text.panel_gpio_init)
    __arm_cp.2_2                             0x08001e1c   Number         4  panel_key6.o(.text.panel_gpio_init)
    [Anonymous Symbol]                       0x08001e20   Section        0  panel_key6.o(.text.panel_key6_init)
    __arm_cp.1_0                             0x08001e48   Number         4  panel_key6.o(.text.panel_key6_init)
    __arm_cp.1_1                             0x08001e4c   Number         4  panel_key6.o(.text.panel_key6_init)
    __arm_cp.1_2                             0x08001e50   Number         4  panel_key6.o(.text.panel_key6_init)
    [Anonymous Symbol]                       0x08001e54   Section        0  gd32e23x_rcu.o(.text.rcu_adc_clock_config)
    __arm_cp.14_0                            0x08001fd4   Number         4  gd32e23x_rcu.o(.text.rcu_adc_clock_config)
    __arm_cp.14_1                            0x08001fd8   Number         4  gd32e23x_rcu.o(.text.rcu_adc_clock_config)
    __arm_cp.14_2                            0x08001fdc   Number         4  gd32e23x_rcu.o(.text.rcu_adc_clock_config)
    [Anonymous Symbol]                       0x08001fe0   Section        0  gd32e23x_rcu.o(.text.rcu_clock_freq_get)
    __arm_cp.33_0                            0x080022b4   Number         4  gd32e23x_rcu.o(.text.rcu_clock_freq_get)
    __arm_cp.33_1                            0x080022b8   Number         4  gd32e23x_rcu.o(.text.rcu_clock_freq_get)
    __arm_cp.33_2                            0x080022bc   Number         4  gd32e23x_rcu.o(.text.rcu_clock_freq_get)
    __arm_cp.33_3                            0x080022c0   Number         4  gd32e23x_rcu.o(.text.rcu_clock_freq_get)
    __arm_cp.33_4                            0x080022c4   Number         4  gd32e23x_rcu.o(.text.rcu_clock_freq_get)
    __arm_cp.33_5                            0x080022c8   Number         4  gd32e23x_rcu.o(.text.rcu_clock_freq_get)
    __arm_cp.33_6                            0x080022cc   Number         4  gd32e23x_rcu.o(.text.rcu_clock_freq_get)
    __arm_cp.33_7                            0x080022d0   Number         4  gd32e23x_rcu.o(.text.rcu_clock_freq_get)
    __arm_cp.33_8                            0x080022d4   Number         4  gd32e23x_rcu.o(.text.rcu_clock_freq_get)
    [Anonymous Symbol]                       0x080022d8   Section        0  adc.o(.text.rcu_config)
    __arm_cp.2_0                             0x080022ec   Number         4  adc.o(.text.rcu_config)
    [Anonymous Symbol]                       0x080022f0   Section        0  gd32e23x_rcu.o(.text.rcu_periph_clock_enable)
    [Anonymous Symbol]                       0x08002314   Section        0  gd32e23x_rcu.o(.text.rcu_periph_reset_disable)
    [Anonymous Symbol]                       0x08002338   Section        0  gd32e23x_rcu.o(.text.rcu_periph_reset_enable)
    [Anonymous Symbol]                       0x0800235c   Section        0  gd32e23x_syscfg.o(.text.syscfg_flag_get)
    __arm_cp.8_0                             0x08002384   Number         4  gd32e23x_syscfg.o(.text.syscfg_flag_get)
    system_clock_72m_irc8m                   0x08002389   Thumb Code   212  system_gd32e23x.o(.text.system_clock_72m_irc8m)
    [Anonymous Symbol]                       0x08002388   Section        0  system_gd32e23x.o(.text.system_clock_72m_irc8m)
    __arm_cp.5_0                             0x0800245c   Number         4  system_gd32e23x.o(.text.system_clock_72m_irc8m)
    __arm_cp.5_1                             0x08002460   Number         4  system_gd32e23x.o(.text.system_clock_72m_irc8m)
    __arm_cp.5_2                             0x08002464   Number         4  system_gd32e23x.o(.text.system_clock_72m_irc8m)
    __arm_cp.5_3                             0x08002468   Number         4  system_gd32e23x.o(.text.system_clock_72m_irc8m)
    __arm_cp.5_4                             0x0800246c   Number         4  system_gd32e23x.o(.text.system_clock_72m_irc8m)
    system_clock_config                      0x08002471   Thumb Code     8  system_gd32e23x.o(.text.system_clock_config)
    [Anonymous Symbol]                       0x08002470   Section        0  system_gd32e23x.o(.text.system_clock_config)
    [Anonymous Symbol]                       0x08002478   Section        0  systick.o(.text.systick_config)
    __arm_cp.0_0                             0x0800249c   Number         4  systick.o(.text.systick_config)
    [Anonymous Symbol]                       0x080024a0   Section        0  gd32e23x_timer.o(.text.timer_deinit)
    __arm_cp.0_1                             0x08002568   Number         4  gd32e23x_timer.o(.text.timer_deinit)
    __arm_cp.0_7                             0x0800256c   Number         4  gd32e23x_timer.o(.text.timer_deinit)
    __arm_cp.0_8                             0x08002570   Number         4  gd32e23x_timer.o(.text.timer_deinit)
    __arm_cp.0_9                             0x08002574   Number         4  gd32e23x_timer.o(.text.timer_deinit)
    __arm_cp.0_10                            0x08002578   Number         4  gd32e23x_timer.o(.text.timer_deinit)
    __arm_cp.0_11                            0x0800257c   Number         4  gd32e23x_timer.o(.text.timer_deinit)
    [Anonymous Symbol]                       0x08002580   Section        0  gd32e23x_timer.o(.text.timer_enable)
    [Anonymous Symbol]                       0x08002594   Section        0  gd32e23x_timer.o(.text.timer_init)
    __arm_cp.2_0                             0x08002678   Number         4  gd32e23x_timer.o(.text.timer_init)
    __arm_cp.2_1                             0x0800267c   Number         4  gd32e23x_timer.o(.text.timer_init)
    __arm_cp.2_2                             0x08002680   Number         4  gd32e23x_timer.o(.text.timer_init)
    __arm_cp.2_3                             0x08002684   Number         4  gd32e23x_timer.o(.text.timer_init)
    __arm_cp.2_4                             0x08002688   Number         4  gd32e23x_timer.o(.text.timer_init)
    __arm_cp.2_5                             0x0800268c   Number         4  gd32e23x_timer.o(.text.timer_init)
    [Anonymous Symbol]                       0x08002690   Section        0  gd32e23x_timer.o(.text.timer_interrupt_enable)
    [Anonymous Symbol]                       0x080026a4   Section        0  gd32e23x_timer.o(.text.timer_interrupt_flag_clear)
    [Anonymous Symbol]                       0x080026b6   Section        0  gd32e23x_timer.o(.text.timer_interrupt_flag_get)
    [Anonymous Symbol]                       0x080026f0   Section        0  gd32e23x_usart.o(.text.usart_baudrate_set)
    __arm_cp.1_2                             0x0800279c   Number         4  gd32e23x_usart.o(.text.usart_baudrate_set)
    [Anonymous Symbol]                       0x080027a0   Section        0  gd32e23x_usart.o(.text.usart_data_receive)
    [Anonymous Symbol]                       0x080027b0   Section        0  gd32e23x_usart.o(.text.usart_data_transmit)
    __arm_cp.18_0                            0x080027c4   Number         4  gd32e23x_usart.o(.text.usart_data_transmit)
    [Anonymous Symbol]                       0x080027c8   Section        0  gd32e23x_usart.o(.text.usart_deinit)
    __arm_cp.0_0                             0x0800280c   Number         4  gd32e23x_usart.o(.text.usart_deinit)
    __arm_cp.0_1                             0x08002810   Number         4  gd32e23x_usart.o(.text.usart_deinit)
    __arm_cp.0_2                             0x08002814   Number         4  gd32e23x_usart.o(.text.usart_deinit)
    __arm_cp.0_3                             0x08002818   Number         4  gd32e23x_usart.o(.text.usart_deinit)
    [Anonymous Symbol]                       0x0800281c   Section        0  gd32e23x_usart.o(.text.usart_enable)
    [Anonymous Symbol]                       0x0800282e   Section        0  gd32e23x_usart.o(.text.usart_flag_clear)
    [Anonymous Symbol]                       0x0800284c   Section        0  gd32e23x_usart.o(.text.usart_flag_get)
    [Anonymous Symbol]                       0x08002888   Section        0  gd32e23x_usart.o(.text.usart_hardware_flow_cts_config)
    [Anonymous Symbol]                       0x080028b2   Section        0  gd32e23x_usart.o(.text.usart_hardware_flow_rts_config)
    [Anonymous Symbol]                       0x080028dc   Section        0  gd32e23x_usart.o(.text.usart_interrupt_enable)
    [Anonymous Symbol]                       0x08002900   Section        0  gd32e23x_usart.o(.text.usart_interrupt_flag_clear)
    __arm_cp.70_0                            0x0800293c   Number         4  gd32e23x_usart.o(.text.usart_interrupt_flag_clear)
    [Anonymous Symbol]                       0x08002940   Section        0  gd32e23x_usart.o(.text.usart_interrupt_flag_get)
    [Anonymous Symbol]                       0x080029a2   Section        0  gd32e23x_usart.o(.text.usart_parity_config)
    [Anonymous Symbol]                       0x080029cc   Section        0  gd32e23x_usart.o(.text.usart_receive_config)
    [Anonymous Symbol]                       0x080029ea   Section        0  gd32e23x_usart.o(.text.usart_stop_bit_set)
    [Anonymous Symbol]                       0x08002a14   Section        0  gd32e23x_usart.o(.text.usart_transmit_config)
    [Anonymous Symbol]                       0x08002a32   Section        0  gd32e23x_usart.o(.text.usart_word_length_set)
    i.__0printf                              0x08002a5c   Section        0  printfa.o(i.__0printf)
    i.__ARM_clz                              0x08002a7c   Section        0  depilogue.o(i.__ARM_clz)
    i.__scatterload_copy                     0x08002aaa   Section       14  handlers.o(i.__scatterload_copy)
    i.__scatterload_null                     0x08002ab8   Section        2  handlers.o(i.__scatterload_null)
    i.__scatterload_zeroinit                 0x08002aba   Section       14  handlers.o(i.__scatterload_zeroinit)
    _fp_digits                               0x08002ac9   Thumb Code   344  printfa.o(i._fp_digits)
    i._fp_digits                             0x08002ac8   Section        0  printfa.o(i._fp_digits)
    _printf_core                             0x08002c3d   Thumb Code  1754  printfa.o(i._printf_core)
    i._printf_core                           0x08002c3c   Section        0  printfa.o(i._printf_core)
    _printf_post_padding                     0x08003329   Thumb Code    32  printfa.o(i._printf_post_padding)
    i._printf_post_padding                   0x08003328   Section        0  printfa.o(i._printf_post_padding)
    _printf_pre_padding                      0x08003349   Thumb Code    44  printfa.o(i._printf_pre_padding)
    i._printf_pre_padding                    0x08003348   Section        0  printfa.o(i._printf_pre_padding)
    my_key_config                            0x08003374   Data          48  panel_key6.o(.rodata.my_key_config)
    [Anonymous Symbol]                       0x08003374   Section        0  panel_key6.o(.rodata.my_key_config)
    [Anonymous Symbol]                       0x080033a4   Section        0  uart.o(.rodata.str1.1)
    [Anonymous Symbol]                       0x080033b6   Section        0  adc.o(.rodata.str1.1)
    [Anonymous Symbol]                       0x080033cc   Section        0  panel_key6.o(.rodata.str1.1)
    .data                                    0x20000000   Section        4  stdout.o(.data)
    adc_index                                0x20000060   Data           1  panel_key6.o(.bss.adc_index)
    [Anonymous Symbol]                       0x20000060   Section        0  panel_key6.o(.bss.adc_index)
    adc_value_buffer                         0x20000064   Data          40  panel_key6.o(.bss.adc_value_buffer)
    [Anonymous Symbol]                       0x20000064   Section        0  panel_key6.o(.bss.adc_value_buffer)
    buffer_full                              0x2000008c   Data           1  panel_key6.o(.bss.buffer_full)
    [Anonymous Symbol]                       0x2000008c   Section        0  panel_key6.o(.bss.buffer_full)
    delay                                    0x20000090   Data           4  systick.o(.bss.delay)
    [Anonymous Symbol]                       0x20000090   Section        0  systick.o(.bss.delay)
    my_panel_status                          0x20000094   Data          12  panel_key6.o(.bss.my_panel_status)
    [Anonymous Symbol]                       0x20000094   Section        0  panel_key6.o(.bss.my_panel_status)
    my_pwm_state                             0x200000a0   Data          12  base.o(.bss.my_pwm_state)
    [Anonymous Symbol]                       0x200000a0   Section        0  base.o(.bss.my_pwm_state)
    my_timer_id                              0x200000ac   Data           2  base.o(.bss.my_timer_id)
    [Anonymous Symbol]                       0x200000ac   Section        0  base.o(.bss.my_timer_id)
    rx_buffer                                0x200000ae   Data         514  uart.o(.bss.rx_buffer)
    [Anonymous Symbol]                       0x200000ae   Section        0  uart.o(.bss.rx_buffer)
    rx_callback                              0x200002b0   Data           4  uart.o(.bss.rx_callback)
    [Anonymous Symbol]                       0x200002b0   Section        0  uart.o(.bss.rx_callback)
    soft_timers                              0x200002b4   Data         160  timer.o(.bss.soft_timers)
    [Anonymous Symbol]                       0x200002b4   Section        0  timer.o(.bss.soft_timers)
    system_ticks                             0x20000354   Data           4  timer.o(.bss.system_ticks)
    [Anonymous Symbol]                       0x20000354   Section        0  timer.o(.bss.system_ticks)
    voltage_callback                         0x20000358   Data           4  adc.o(.bss.voltage_callback)
    [Anonymous Symbol]                       0x20000358   Section        0  adc.o(.bss.voltage_callback)
    STACK                                    0x20000360   Section     1024  startup_gd32e23x.o(STACK)

    Global Symbols

    Symbol Name                              Value     Ov Type        Size  Object(Section)

    BuildAttributes$$THM_ISAv3M$S$8M$PE$A:L22$X:L11$S22$IEEE1$IW$~IW$USESV6$~STKCKD$USESV7$~SHL$OTIME$ROPI$EBA8$MICROLIB$REQ8$PRES8$EABIv2 0x00000000   Number         0  anon$$obj.o ABSOLUTE
    __cpp_initialize__aeabi_                  - Undefined Weak Reference
    __cxa_finalize                            - Undefined Weak Reference
    __decompress                              - Undefined Weak Reference
    _clock_init                               - Undefined Weak Reference
    _microlib_exit                            - Undefined Weak Reference
    __Vectors_Size                           0x000000cc   Number         0  startup_gd32e23x.o ABSOLUTE
    __Vectors                                0x08000000   Data           4  startup_gd32e23x.o(RESET)
    __Vectors_End                            0x080000cc   Data           0  startup_gd32e23x.o(RESET)
    __main                                   0x080000cd   Thumb Code     0  entry.o(.ARM.Collect$$$$00000000)
    _main_stk                                0x080000cd   Thumb Code     0  entry2.o(.ARM.Collect$$$$00000001)
    _main_scatterload                        0x080000d1   Thumb Code     0  entry5.o(.ARM.Collect$$$$00000004)
    __main_after_scatterload                 0x080000d5   Thumb Code     0  entry5.o(.ARM.Collect$$$$00000004)
    _main_clock                              0x080000d5   Thumb Code     0  entry7b.o(.ARM.Collect$$$$00000008)
    _main_cpp_init                           0x080000d5   Thumb Code     0  entry8b.o(.ARM.Collect$$$$0000000A)
    _main_init                               0x080000d5   Thumb Code     0  entry9a.o(.ARM.Collect$$$$0000000B)
    __rt_final_cpp                           0x080000dd   Thumb Code     0  entry10a.o(.ARM.Collect$$$$0000000D)
    __rt_final_exit                          0x080000dd   Thumb Code     0  entry11a.o(.ARM.Collect$$$$0000000F)
    Reset_Handler                            0x080000e1   Thumb Code    34  startup_gd32e23x.o(.text)
    ADC_CMP_IRQHandler                       0x0800010d   Thumb Code     0  startup_gd32e23x.o(.text)
    DMA_Channel0_IRQHandler                  0x0800010d   Thumb Code     0  startup_gd32e23x.o(.text)
    DMA_Channel1_2_IRQHandler                0x0800010d   Thumb Code     0  startup_gd32e23x.o(.text)
    DMA_Channel3_4_IRQHandler                0x0800010d   Thumb Code     0  startup_gd32e23x.o(.text)
    EXTI0_1_IRQHandler                       0x0800010d   Thumb Code     0  startup_gd32e23x.o(.text)
    EXTI2_3_IRQHandler                       0x0800010d   Thumb Code     0  startup_gd32e23x.o(.text)
    EXTI4_15_IRQHandler                      0x0800010d   Thumb Code     0  startup_gd32e23x.o(.text)
    FMC_IRQHandler                           0x0800010d   Thumb Code     0  startup_gd32e23x.o(.text)
    I2C0_ER_IRQHandler                       0x0800010d   Thumb Code     0  startup_gd32e23x.o(.text)
    I2C0_EV_IRQHandler                       0x0800010d   Thumb Code     0  startup_gd32e23x.o(.text)
    I2C1_ER_IRQHandler                       0x0800010d   Thumb Code     0  startup_gd32e23x.o(.text)
    I2C1_EV_IRQHandler                       0x0800010d   Thumb Code     0  startup_gd32e23x.o(.text)
    LVD_IRQHandler                           0x0800010d   Thumb Code     0  startup_gd32e23x.o(.text)
    RCU_IRQHandler                           0x0800010d   Thumb Code     0  startup_gd32e23x.o(.text)
    RTC_IRQHandler                           0x0800010d   Thumb Code     0  startup_gd32e23x.o(.text)
    SPI0_IRQHandler                          0x0800010d   Thumb Code     0  startup_gd32e23x.o(.text)
    SPI1_IRQHandler                          0x0800010d   Thumb Code     0  startup_gd32e23x.o(.text)
    TIMER0_BRK_UP_TRG_COM_IRQHandler         0x0800010d   Thumb Code     0  startup_gd32e23x.o(.text)
    TIMER0_Channel_IRQHandler                0x0800010d   Thumb Code     0  startup_gd32e23x.o(.text)
    TIMER13_IRQHandler                       0x0800010d   Thumb Code     0  startup_gd32e23x.o(.text)
    TIMER15_IRQHandler                       0x0800010d   Thumb Code     0  startup_gd32e23x.o(.text)
    TIMER16_IRQHandler                       0x0800010d   Thumb Code     0  startup_gd32e23x.o(.text)
    TIMER2_IRQHandler                        0x0800010d   Thumb Code     0  startup_gd32e23x.o(.text)
    TIMER5_IRQHandler                        0x0800010d   Thumb Code     0  startup_gd32e23x.o(.text)
    USART1_IRQHandler                        0x0800010d   Thumb Code     0  startup_gd32e23x.o(.text)
    WWDGT_IRQHandler                         0x0800010d   Thumb Code     0  startup_gd32e23x.o(.text)
    __aeabi_fadd                             0x08000125   Thumb Code   162  fadd.o(.text)
    __aeabi_fsub                             0x080001c7   Thumb Code     8  fadd.o(.text)
    __aeabi_frsub                            0x080001cf   Thumb Code     8  fadd.o(.text)
    __aeabi_fdiv                             0x080001d7   Thumb Code   124  fdiv.o(.text)
    __aeabi_dmul                             0x08000255   Thumb Code   202  dmul.o(.text)
    __aeabi_ddiv                             0x08000325   Thumb Code   234  ddiv.o(.text)
    __aeabi_fcmplt                           0x08000415   Thumb Code    28  fcmplt.o(.text)
    __aeabi_fcmpgt                           0x08000431   Thumb Code    28  fcmpgt.o(.text)
    __aeabi_ui2f                             0x0800044d   Thumb Code    14  ffltui.o(.text)
    __aeabi_ui2d                             0x0800045d   Thumb Code    24  dfltui.o(.text)
    __aeabi_d2f                              0x08000479   Thumb Code    56  d2f.o(.text)
    __aeabi_uldivmod                         0x080004b1   Thumb Code    96  uldiv.o(.text)
    __I$use$fp                               0x08000511   Thumb Code     0  iusefp.o(.text)
    _float_round                             0x08000511   Thumb Code    16  fepilogue.o(.text)
    _float_epilogue                          0x08000521   Thumb Code   114  fepilogue.o(.text)
    _double_round                            0x08000593   Thumb Code    26  depilogue.o(.text)
    _double_epilogue                         0x080005ad   Thumb Code   164  depilogue.o(.text)
    __aeabi_dadd                             0x08000651   Thumb Code   328  dadd.o(.text)
    __aeabi_dsub                             0x08000799   Thumb Code    12  dadd.o(.text)
    __aeabi_drsub                            0x080007a5   Thumb Code    12  dadd.o(.text)
    __aeabi_d2ulz                            0x080007b5   Thumb Code    54  dfixul.o(.text)
    __aeabi_cdrcmple                         0x080007f5   Thumb Code    38  cdrcmple.o(.text)
    __scatterload                            0x0800081d   Thumb Code    38  init.o(.text)
    __scatterload_rt2                        0x0800081d   Thumb Code     0  init.o(.text)
    __aeabi_uidiv$div0                       0x0800084d   Thumb Code     0  uidiv_div0.o(.text)
    __aeabi_uidivmod                         0x0800084d   Thumb Code    62  uidiv_div0.o(.text)
    __aeabi_llsl                             0x0800088b   Thumb Code    32  llshl.o(.text)
    _ll_shift_l                              0x0800088b   Thumb Code     0  llshl.o(.text)
    __aeabi_llsr                             0x080008ab   Thumb Code    34  llushr.o(.text)
    _ll_ushift_r                             0x080008ab   Thumb Code     0  llushr.o(.text)
    __aeabi_lasr                             0x080008cd   Thumb Code    38  llsshr.o(.text)
    _ll_sshift_r                             0x080008cd   Thumb Code     0  llsshr.o(.text)
    HardFault_Handler                        0x080008f3   Thumb Code     4  gd32e23x_it.o(.text.HardFault_Handler)
    NMI_Handler                              0x080008f7   Thumb Code    36  gd32e23x_it.o(.text.NMI_Handler)
    PendSV_Handler                           0x0800091b   Thumb Code     4  gd32e23x_it.o(.text.PendSV_Handler)
    SVC_Handler                              0x0800091f   Thumb Code     4  gd32e23x_it.o(.text.SVC_Handler)
    SysTick_Handler                          0x08000971   Thumb Code     8  gd32e23x_it.o(.text.SysTick_Handler)
    SystemInit                               0x08000979   Thumb Code   272  system_gd32e23x.o(.text.SystemInit)
    TIMER14_IRQHandler                       0x08000aad   Thumb Code   176  timer.o(.text.TIMER14_IRQHandler)
    USART0_IRQHandler                        0x08000b69   Thumb Code   244  uart.o(.text.USART0_IRQHandler)
    adc_calibration_enable                   0x08000ddd   Thumb Code    56  gd32e23x_adc.o(.text.adc_calibration_enable)
    adc_channel_length_config                0x08000e15   Thumb Code    96  gd32e23x_adc.o(.text.adc_channel_length_config)
    adc_config                               0x08000e7d   Thumb Code   172  adc.o(.text.adc_config)
    adc_data_alignment_config                0x08000f29   Thumb Code    44  gd32e23x_adc.o(.text.adc_data_alignment_config)
    adc_enable                               0x08000f55   Thumb Code    24  gd32e23x_adc.o(.text.adc_enable)
    adc_external_trigger_config              0x08000f6d   Thumb Code   124  gd32e23x_adc.o(.text.adc_external_trigger_config)
    adc_external_trigger_source_config       0x08000fe9   Thumb Code    80  gd32e23x_adc.o(.text.adc_external_trigger_source_config)
    adc_inserted_channel_config              0x08001039   Thumb Code   208  gd32e23x_adc.o(.text.adc_inserted_channel_config)
    adc_software_trigger_enable              0x08001115   Thumb Code    60  gd32e23x_adc.o(.text.adc_software_trigger_enable)
    adc_special_function_config              0x08001155   Thumb Code   172  gd32e23x_adc.o(.text.adc_special_function_config)
    app_adc_callback                         0x08001209   Thumb Code    16  adc.o(.text.app_adc_callback)
    app_adc_init                             0x08001219   Thumb Code    84  adc.o(.text.app_adc_init)
    app_calculate_average                    0x08001275   Thumb Code   136  base.o(.text.app_calculate_average)
    app_get_value                            0x08001381   Thumb Code    64  adc.o(.text.app_get_value)
    app_jump_device_init                     0x080013d5   Thumb Code     8  jump_device.o(.text.app_jump_device_init)
    app_slow_ctrl_led                        0x080013dd   Thumb Code    76  base.o(.text.app_slow_ctrl_led)
    app_start_close_led                      0x08001431   Thumb Code   124  base.o(.text.app_start_close_led)
    app_start_open_led                       0x080014ad   Thumb Code   144  base.o(.text.app_start_open_led)
    app_timer_init                           0x08001549   Thumb Code    80  timer.o(.text.app_timer_init)
    app_timer_start                          0x080015a1   Thumb Code   172  timer.o(.text.app_timer_start)
    app_timer_stop                           0x08001651   Thumb Code    36  timer.o(.text.app_timer_stop)
    app_usart0_rx_callback                   0x08001679   Thumb Code    16  uart.o(.text.app_usart0_rx_callback)
    app_usart_init                           0x0800168d   Thumb Code   360  uart.o(.text.app_usart_init)
    delay_1ms                                0x08001809   Thumb Code    28  systick.o(.text.delay_1ms)
    delay_decrement                          0x08001825   Thumb Code    20  systick.o(.text.delay_decrement)
    fputc                                    0x0800183d   Thumb Code    40  uart.o(.text.fputc)
    gpio_af_set                              0x0800186d   Thumb Code   192  gd32e23x_gpio.o(.text.gpio_af_set)
    gpio_bit_reset                           0x0800192d   Thumb Code    16  gd32e23x_gpio.o(.text.gpio_bit_reset)
    gpio_bit_set                             0x0800193d   Thumb Code    16  gd32e23x_gpio.o(.text.gpio_bit_set)
    gpio_mode_set                            0x0800194d   Thumb Code   142  gd32e23x_gpio.o(.text.gpio_mode_set)
    gpio_output_options_set                  0x080019db   Thumb Code   138  gd32e23x_gpio.o(.text.gpio_output_options_set)
    main                                     0x08001a65   Thumb Code    54  main.o(.text.main)
    my_rx_callback                           0x08001a9d   Thumb Code    72  panel_key6.o(.text.my_rx_callback)
    nvic_irq_enable                          0x08001af5   Thumb Code    44  gd32e23x_misc.o(.text.nvic_irq_enable)
    nvic_vector_table_set                    0x08001b21   Thumb Code    28  gd32e23x_misc.o(.text.nvic_vector_table_set)
    panel_adc_cb                             0x08001b45   Thumb Code   256  panel_key6.o(.text.panel_adc_cb)
    panel_ctrl_led                           0x08001c5d   Thumb Code   224  panel_key6.o(.text.panel_ctrl_led)
    panel_gpio_init                          0x08001d65   Thumb Code   176  panel_key6.o(.text.panel_gpio_init)
    panel_key6_init                          0x08001e21   Thumb Code    40  panel_key6.o(.text.panel_key6_init)
    rcu_adc_clock_config                     0x08001e55   Thumb Code   384  gd32e23x_rcu.o(.text.rcu_adc_clock_config)
    rcu_clock_freq_get                       0x08001fe1   Thumb Code   724  gd32e23x_rcu.o(.text.rcu_clock_freq_get)
    rcu_config                               0x080022d9   Thumb Code    20  adc.o(.text.rcu_config)
    rcu_periph_clock_enable                  0x080022f1   Thumb Code    36  gd32e23x_rcu.o(.text.rcu_periph_clock_enable)
    rcu_periph_reset_disable                 0x08002315   Thumb Code    36  gd32e23x_rcu.o(.text.rcu_periph_reset_disable)
    rcu_periph_reset_enable                  0x08002339   Thumb Code    36  gd32e23x_rcu.o(.text.rcu_periph_reset_enable)
    syscfg_flag_get                          0x0800235d   Thumb Code    40  gd32e23x_syscfg.o(.text.syscfg_flag_get)
    systick_config                           0x08002479   Thumb Code    36  systick.o(.text.systick_config)
    timer_deinit                             0x080024a1   Thumb Code   200  gd32e23x_timer.o(.text.timer_deinit)
    timer_enable                             0x08002581   Thumb Code    18  gd32e23x_timer.o(.text.timer_enable)
    timer_init                               0x08002595   Thumb Code   228  gd32e23x_timer.o(.text.timer_init)
    timer_interrupt_enable                   0x08002691   Thumb Code    20  gd32e23x_timer.o(.text.timer_interrupt_enable)
    timer_interrupt_flag_clear               0x080026a5   Thumb Code    18  gd32e23x_timer.o(.text.timer_interrupt_flag_clear)
    timer_interrupt_flag_get                 0x080026b7   Thumb Code    58  gd32e23x_timer.o(.text.timer_interrupt_flag_get)
    usart_baudrate_set                       0x080026f1   Thumb Code   172  gd32e23x_usart.o(.text.usart_baudrate_set)
    usart_data_receive                       0x080027a1   Thumb Code    16  gd32e23x_usart.o(.text.usart_data_receive)
    usart_data_transmit                      0x080027b1   Thumb Code    20  gd32e23x_usart.o(.text.usart_data_transmit)
    usart_deinit                             0x080027c9   Thumb Code    68  gd32e23x_usart.o(.text.usart_deinit)
    usart_enable                             0x0800281d   Thumb Code    18  gd32e23x_usart.o(.text.usart_enable)
    usart_flag_clear                         0x0800282f   Thumb Code    30  gd32e23x_usart.o(.text.usart_flag_clear)
    usart_flag_get                           0x0800284d   Thumb Code    60  gd32e23x_usart.o(.text.usart_flag_get)
    usart_hardware_flow_cts_config           0x08002889   Thumb Code    42  gd32e23x_usart.o(.text.usart_hardware_flow_cts_config)
    usart_hardware_flow_rts_config           0x080028b3   Thumb Code    42  gd32e23x_usart.o(.text.usart_hardware_flow_rts_config)
    usart_interrupt_enable                   0x080028dd   Thumb Code    34  gd32e23x_usart.o(.text.usart_interrupt_enable)
    usart_interrupt_flag_clear               0x08002901   Thumb Code    60  gd32e23x_usart.o(.text.usart_interrupt_flag_clear)
    usart_interrupt_flag_get                 0x08002941   Thumb Code    98  gd32e23x_usart.o(.text.usart_interrupt_flag_get)
    usart_parity_config                      0x080029a3   Thumb Code    42  gd32e23x_usart.o(.text.usart_parity_config)
    usart_receive_config                     0x080029cd   Thumb Code    30  gd32e23x_usart.o(.text.usart_receive_config)
    usart_stop_bit_set                       0x080029eb   Thumb Code    42  gd32e23x_usart.o(.text.usart_stop_bit_set)
    usart_transmit_config                    0x08002a15   Thumb Code    30  gd32e23x_usart.o(.text.usart_transmit_config)
    usart_word_length_set                    0x08002a33   Thumb Code    42  gd32e23x_usart.o(.text.usart_word_length_set)
    __0printf                                0x08002a5d   Thumb Code    24  printfa.o(i.__0printf)
    __1printf                                0x08002a5d   Thumb Code     0  printfa.o(i.__0printf)
    __2printf                                0x08002a5d   Thumb Code     0  printfa.o(i.__0printf)
    __c89printf                              0x08002a5d   Thumb Code     0  printfa.o(i.__0printf)
    printf                                   0x08002a5d   Thumb Code     0  printfa.o(i.__0printf)
    __ARM_clz                                0x08002a7d   Thumb Code    46  depilogue.o(i.__ARM_clz)
    __scatterload_copy                       0x08002aab   Thumb Code    14  handlers.o(i.__scatterload_copy)
    __scatterload_null                       0x08002ab9   Thumb Code     2  handlers.o(i.__scatterload_null)
    __scatterload_zeroinit                   0x08002abb   Thumb Code    14  handlers.o(i.__scatterload_zeroinit)
    Region$$Table$$Base                      0x080033ec   Number         0  anon$$obj.o(Region$$Table)
    Region$$Table$$Limit                     0x0800340c   Number         0  anon$$obj.o(Region$$Table)
    __stdout                                 0x20000000   Data           4  stdout.o(.data)
    PA15                                     0x20000004   Data           8  gpio.o(.data.PA15)
    PA8                                      0x2000000c   Data           8  gpio.o(.data.PA8)
    PB12                                     0x20000014   Data           8  gpio.o(.data.PB12)
    PB13                                     0x2000001c   Data           8  gpio.o(.data.PB13)
    PB14                                     0x20000024   Data           8  gpio.o(.data.PB14)
    PB15                                     0x2000002c   Data           8  gpio.o(.data.PB15)
    PB3                                      0x20000034   Data           8  gpio.o(.data.PB3)
    PB4                                      0x2000003c   Data           8  gpio.o(.data.PB4)
    PB5                                      0x20000044   Data           8  gpio.o(.data.PB5)
    PB6                                      0x2000004c   Data           8  gpio.o(.data.PB6)
    PB8                                      0x20000054   Data           8  gpio.o(.data.PB8)
    SystemCoreClock                          0x2000005c   Data           4  system_gd32e23x.o(.data.SystemCoreClock)
    __initial_sp                             0x20000760   Data           0  startup_gd32e23x.o(STACK)



==============================================================================

Memory Map of the image

  Image Entry point : 0x080000cd

  Load Region LR_IROM1 (Base: 0x08000000, Size: 0x00003470, Max: 0x00010000, ABSOLUTE)

    Execution Region ER_IROM1 (Exec base: 0x08000000, Load base: 0x08000000, Size: 0x0000340c, Max: 0x00010000, ABSOLUTE)

    Exec Addr    Load Addr    Size         Type   Attr      Idx    E Section Name        Object

    0x08000000   0x08000000   0x000000cc   Data   RO           72    RESET               startup_gd32e23x.o
    0x080000cc   0x080000cc   0x00000000   Code   RO         1383  * .ARM.Collect$$$$00000000  mc_p.l(entry.o)
    0x080000cc   0x080000cc   0x00000004   Code   RO         1434    .ARM.Collect$$$$00000001  mc_p.l(entry2.o)
    0x080000d0   0x080000d0   0x00000004   Code   RO         1437    .ARM.Collect$$$$00000004  mc_p.l(entry5.o)
    0x080000d4   0x080000d4   0x00000000   Code   RO         1439    .ARM.Collect$$$$00000008  mc_p.l(entry7b.o)
    0x080000d4   0x080000d4   0x00000000   Code   RO         1441    .ARM.Collect$$$$0000000A  mc_p.l(entry8b.o)
    0x080000d4   0x080000d4   0x00000008   Code   RO         1442    .ARM.Collect$$$$0000000B  mc_p.l(entry9a.o)
    0x080000dc   0x080000dc   0x00000000   Code   RO         1444    .ARM.Collect$$$$0000000D  mc_p.l(entry10a.o)
    0x080000dc   0x080000dc   0x00000000   Code   RO         1446    .ARM.Collect$$$$0000000F  mc_p.l(entry11a.o)
    0x080000dc   0x080000dc   0x00000004   Code   RO         1435    .ARM.Collect$$$$00002712  mc_p.l(entry2.o)
    0x080000e0   0x080000e0   0x00000044   Code   RO           73    .text               startup_gd32e23x.o
    0x08000124   0x08000124   0x000000b2   Code   RO         1416    .text               mf_p.l(fadd.o)
    0x080001d6   0x080001d6   0x0000007c   Code   RO         1418    .text               mf_p.l(fdiv.o)
    0x08000252   0x08000252   0x00000002   PAD
    0x08000254   0x08000254   0x000000d0   Code   RO         1420    .text               mf_p.l(dmul.o)
    0x08000324   0x08000324   0x000000f0   Code   RO         1422    .text               mf_p.l(ddiv.o)
    0x08000414   0x08000414   0x0000001c   Code   RO         1424    .text               mf_p.l(fcmplt.o)
    0x08000430   0x08000430   0x0000001c   Code   RO         1426    .text               mf_p.l(fcmpgt.o)
    0x0800044c   0x0800044c   0x0000000e   Code   RO         1428    .text               mf_p.l(ffltui.o)
    0x0800045a   0x0800045a   0x00000002   PAD
    0x0800045c   0x0800045c   0x0000001c   Code   RO         1430    .text               mf_p.l(dfltui.o)
    0x08000478   0x08000478   0x00000038   Code   RO         1432    .text               mf_p.l(d2f.o)
    0x080004b0   0x080004b0   0x00000060   Code   RO         1453    .text               mc_p.l(uldiv.o)
    0x08000510   0x08000510   0x00000000   Code   RO         1455    .text               mc_p.l(iusefp.o)
    0x08000510   0x08000510   0x00000082   Code   RO         1456    .text               mf_p.l(fepilogue.o)
    0x08000592   0x08000592   0x000000be   Code   RO         1458    .text               mf_p.l(depilogue.o)
    0x08000650   0x08000650   0x00000164   Code   RO         1462    .text               mf_p.l(dadd.o)
    0x080007b4   0x080007b4   0x00000040   Code   RO         1464    .text               mf_p.l(dfixul.o)
    0x080007f4   0x080007f4   0x00000028   Code   RO         1466    .text               mf_p.l(cdrcmple.o)
    0x0800081c   0x0800081c   0x00000030   Code   RO         1468    .text               mc_p.l(init.o)
    0x0800084c   0x0800084c   0x0000003e   Code   RO         1472    .text               mc_p.l(uidiv_div0.o)
    0x0800088a   0x0800088a   0x00000020   Code   RO         1478    .text               mc_p.l(llshl.o)
    0x080008aa   0x080008aa   0x00000022   Code   RO         1480    .text               mc_p.l(llushr.o)
    0x080008cc   0x080008cc   0x00000026   Code   RO         1482    .text               mc_p.l(llsshr.o)
    0x080008f2   0x080008f2   0x00000004   Code   RO            4    .text.HardFault_Handler  gd32e23x_it.o
    0x080008f6   0x080008f6   0x00000024   Code   RO            2    .text.NMI_Handler   gd32e23x_it.o
    0x0800091a   0x0800091a   0x00000004   Code   RO            8    .text.PendSV_Handler  gd32e23x_it.o
    0x0800091e   0x0800091e   0x00000004   Code   RO            6    .text.SVC_Handler   gd32e23x_it.o
    0x08000922   0x08000922   0x00000002   PAD
    0x08000924   0x08000924   0x0000004c   Code   RO           34    .text.SysTick_Config  systick.o
    0x08000970   0x08000970   0x00000008   Code   RO           10    .text.SysTick_Handler  gd32e23x_it.o
    0x08000978   0x08000978   0x00000134   Code   RO           50    .text.SystemInit    system_gd32e23x.o
    0x08000aac   0x08000aac   0x000000bc   Code   RO         1275    .text.TIMER14_IRQHandler  timer.o
    0x08000b68   0x08000b68   0x00000118   Code   RO         1235    .text.USART0_IRQHandler  uart.o
    0x08000c80   0x08000c80   0x00000034   Code   RO          570    .text.__NVIC_EnableIRQ  gd32e23x_misc.o
    0x08000cb4   0x08000cb4   0x0000007c   Code   RO           36    .text.__NVIC_SetPriority  systick.o
    0x08000d30   0x08000d30   0x00000084   Code   RO          568    .text.__NVIC_SetPriority  gd32e23x_misc.o
    0x08000db4   0x08000db4   0x00000026   Code   RO           52    .text._soft_delay_  system_gd32e23x.o
    0x08000dda   0x08000dda   0x00000002   PAD
    0x08000ddc   0x08000ddc   0x00000038   Code   RO          120    .text.adc_calibration_enable  gd32e23x_adc.o
    0x08000e14   0x08000e14   0x00000068   Code   RO          136    .text.adc_channel_length_config  gd32e23x_adc.o
    0x08000e7c   0x08000e7c   0x000000ac   Code   RO         1260    .text.adc_config    adc.o
    0x08000f28   0x08000f28   0x0000002c   Code   RO          134    .text.adc_data_alignment_config  gd32e23x_adc.o
    0x08000f54   0x08000f54   0x00000018   Code   RO          116    .text.adc_enable    gd32e23x_adc.o
    0x08000f6c   0x08000f6c   0x0000007c   Code   RO          144    .text.adc_external_trigger_config  gd32e23x_adc.o
    0x08000fe8   0x08000fe8   0x00000050   Code   RO          146    .text.adc_external_trigger_source_config  gd32e23x_adc.o
    0x08001038   0x08001038   0x000000dc   Code   RO          140    .text.adc_inserted_channel_config  gd32e23x_adc.o
    0x08001114   0x08001114   0x00000040   Code   RO          148    .text.adc_software_trigger_enable  gd32e23x_adc.o
    0x08001154   0x08001154   0x000000b4   Code   RO          132    .text.adc_special_function_config  gd32e23x_adc.o
    0x08001208   0x08001208   0x00000010   Code   RO         1254    .text.app_adc_callback  adc.o
    0x08001218   0x08001218   0x0000005c   Code   RO         1256    .text.app_adc_init  adc.o
    0x08001274   0x08001274   0x0000008c   Code   RO         1331    .text.app_calculate_average  base.o
    0x08001300   0x08001300   0x00000040   Code   RO         1339    .text.app_ctrl_gpio  base.o
    0x08001340   0x08001340   0x00000040   Code   RO         1360    .text.app_ctrl_gpio  panel_key6.o
    0x08001380   0x08001380   0x00000054   Code   RO         1262    .text.app_get_value  adc.o
    0x080013d4   0x080013d4   0x00000008   Code   RO         1376    .text.app_jump_device_init  jump_device.o
    0x080013dc   0x080013dc   0x00000054   Code   RO         1333    .text.app_slow_ctrl_led  base.o
    0x08001430   0x08001430   0x0000007c   Code   RO         1337    .text.app_start_close_led  base.o
    0x080014ac   0x080014ac   0x0000009c   Code   RO         1335    .text.app_start_open_led  base.o
    0x08001548   0x08001548   0x00000058   Code   RO         1273    .text.app_timer_init  timer.o
    0x080015a0   0x080015a0   0x000000b0   Code   RO         1277    .text.app_timer_start  timer.o
    0x08001650   0x08001650   0x00000028   Code   RO         1279    .text.app_timer_stop  timer.o
    0x08001678   0x08001678   0x00000014   Code   RO         1231    .text.app_usart0_rx_callback  uart.o
    0x0800168c   0x0800168c   0x0000017c   Code   RO         1233    .text.app_usart_init  uart.o
    0x08001808   0x08001808   0x0000001c   Code   RO           38    .text.delay_1ms     systick.o
    0x08001824   0x08001824   0x00000018   Code   RO           40    .text.delay_decrement  systick.o
    0x0800183c   0x0800183c   0x00000030   Code   RO         1241    .text.fputc         uart.o
    0x0800186c   0x0800186c   0x000000c0   Code   RO          472    .text.gpio_af_set   gd32e23x_gpio.o
    0x0800192c   0x0800192c   0x00000010   Code   RO          458    .text.gpio_bit_reset  gd32e23x_gpio.o
    0x0800193c   0x0800193c   0x00000010   Code   RO          456    .text.gpio_bit_set  gd32e23x_gpio.o
    0x0800194c   0x0800194c   0x0000008e   Code   RO          452    .text.gpio_mode_set  gd32e23x_gpio.o
    0x080019da   0x080019da   0x0000008a   Code   RO          454    .text.gpio_output_options_set  gd32e23x_gpio.o
    0x08001a64   0x08001a64   0x00000036   Code   RO           21    .text.main          main.o
    0x08001a9a   0x08001a9a   0x00000002   PAD
    0x08001a9c   0x08001a9c   0x00000058   Code   RO         1350    .text.my_rx_callback  panel_key6.o
    0x08001af4   0x08001af4   0x0000002c   Code   RO          566    .text.nvic_irq_enable  gd32e23x_misc.o
    0x08001b20   0x08001b20   0x00000024   Code   RO          580    .text.nvic_vector_table_set  gd32e23x_misc.o
    0x08001b44   0x08001b44   0x00000118   Code   RO         1356    .text.panel_adc_cb  panel_key6.o
    0x08001c5c   0x08001c5c   0x00000108   Code   RO         1358    .text.panel_ctrl_led  panel_key6.o
    0x08001d64   0x08001d64   0x000000bc   Code   RO         1354    .text.panel_gpio_init  panel_key6.o
    0x08001e20   0x08001e20   0x00000034   Code   RO         1352    .text.panel_key6_init  panel_key6.o
    0x08001e54   0x08001e54   0x0000018c   Code   RO          656    .text.rcu_adc_clock_config  gd32e23x_rcu.o
    0x08001fe0   0x08001fe0   0x000002f8   Code   RO          694    .text.rcu_clock_freq_get  gd32e23x_rcu.o
    0x080022d8   0x080022d8   0x00000018   Code   RO         1258    .text.rcu_config    adc.o
    0x080022f0   0x080022f0   0x00000024   Code   RO          630    .text.rcu_periph_clock_enable  gd32e23x_rcu.o
    0x08002314   0x08002314   0x00000024   Code   RO          640    .text.rcu_periph_reset_disable  gd32e23x_rcu.o
    0x08002338   0x08002338   0x00000024   Code   RO          638    .text.rcu_periph_reset_enable  gd32e23x_rcu.o
    0x0800235c   0x0800235c   0x0000002c   Code   RO          897    .text.syscfg_flag_get  gd32e23x_syscfg.o
    0x08002388   0x08002388   0x000000e8   Code   RO           60    .text.system_clock_72m_irc8m  system_gd32e23x.o
    0x08002470   0x08002470   0x00000008   Code   RO           54    .text.system_clock_config  system_gd32e23x.o
    0x08002478   0x08002478   0x00000028   Code   RO           32    .text.systick_config  systick.o
    0x080024a0   0x080024a0   0x000000e0   Code   RO          908    .text.timer_deinit  gd32e23x_timer.o
    0x08002580   0x08002580   0x00000012   Code   RO          914    .text.timer_enable  gd32e23x_timer.o
    0x08002592   0x08002592   0x00000002   PAD
    0x08002594   0x08002594   0x000000fc   Code   RO          912    .text.timer_init    gd32e23x_timer.o
    0x08002690   0x08002690   0x00000014   Code   RO          950    .text.timer_interrupt_enable  gd32e23x_timer.o
    0x080026a4   0x080026a4   0x00000012   Code   RO          956    .text.timer_interrupt_flag_clear  gd32e23x_timer.o
    0x080026b6   0x080026b6   0x0000003a   Code   RO          954    .text.timer_interrupt_flag_get  gd32e23x_timer.o
    0x080026f0   0x080026f0   0x000000b0   Code   RO         1063    .text.usart_baudrate_set  gd32e23x_usart.o
    0x080027a0   0x080027a0   0x00000010   Code   RO         1099    .text.usart_data_receive  gd32e23x_usart.o
    0x080027b0   0x080027b0   0x00000018   Code   RO         1097    .text.usart_data_transmit  gd32e23x_usart.o
    0x080027c8   0x080027c8   0x00000054   Code   RO         1061    .text.usart_deinit  gd32e23x_usart.o
    0x0800281c   0x0800281c   0x00000012   Code   RO         1071    .text.usart_enable  gd32e23x_usart.o
    0x0800282e   0x0800282e   0x0000001e   Code   RO         1191    .text.usart_flag_clear  gd32e23x_usart.o
    0x0800284c   0x0800284c   0x0000003c   Code   RO         1189    .text.usart_flag_get  gd32e23x_usart.o
    0x08002888   0x08002888   0x0000002a   Code   RO         1155    .text.usart_hardware_flow_cts_config  gd32e23x_usart.o
    0x080028b2   0x080028b2   0x0000002a   Code   RO         1153    .text.usart_hardware_flow_rts_config  gd32e23x_usart.o
    0x080028dc   0x080028dc   0x00000022   Code   RO         1193    .text.usart_interrupt_enable  gd32e23x_usart.o
    0x080028fe   0x080028fe   0x00000002   PAD
    0x08002900   0x08002900   0x00000040   Code   RO         1201    .text.usart_interrupt_flag_clear  gd32e23x_usart.o
    0x08002940   0x08002940   0x00000062   Code   RO         1199    .text.usart_interrupt_flag_get  gd32e23x_usart.o
    0x080029a2   0x080029a2   0x0000002a   Code   RO         1065    .text.usart_parity_config  gd32e23x_usart.o
    0x080029cc   0x080029cc   0x0000001e   Code   RO         1077    .text.usart_receive_config  gd32e23x_usart.o
    0x080029ea   0x080029ea   0x0000002a   Code   RO         1069    .text.usart_stop_bit_set  gd32e23x_usart.o
    0x08002a14   0x08002a14   0x0000001e   Code   RO         1075    .text.usart_transmit_config  gd32e23x_usart.o
    0x08002a32   0x08002a32   0x0000002a   Code   RO         1067    .text.usart_word_length_set  gd32e23x_usart.o
    0x08002a5c   0x08002a5c   0x00000020   Code   RO         1389    i.__0printf         mc_p.l(printfa.o)
    0x08002a7c   0x08002a7c   0x0000002e   Code   RO         1460    i.__ARM_clz         mf_p.l(depilogue.o)
    0x08002aaa   0x08002aaa   0x0000000e   Code   RO         1486    i.__scatterload_copy  mc_p.l(handlers.o)
    0x08002ab8   0x08002ab8   0x00000002   Code   RO         1487    i.__scatterload_null  mc_p.l(handlers.o)
    0x08002aba   0x08002aba   0x0000000e   Code   RO         1488    i.__scatterload_zeroinit  mc_p.l(handlers.o)
    0x08002ac8   0x08002ac8   0x00000174   Code   RO         1396    i._fp_digits        mc_p.l(printfa.o)
    0x08002c3c   0x08002c3c   0x000006ec   Code   RO         1397    i._printf_core      mc_p.l(printfa.o)
    0x08003328   0x08003328   0x00000020   Code   RO         1398    i._printf_post_padding  mc_p.l(printfa.o)
    0x08003348   0x08003348   0x0000002c   Code   RO         1399    i._printf_pre_padding  mc_p.l(printfa.o)
    0x08003374   0x08003374   0x00000030   Data   RO         1364    .rodata.my_key_config  panel_key6.o
    0x080033a4   0x080033a4   0x00000012   Data   RO         1244    .rodata.str1.1      uart.o
    0x080033b6   0x080033b6   0x00000016   Data   RO         1265    .rodata.str1.1      adc.o
    0x080033cc   0x080033cc   0x0000001f   Data   RO         1363    .rodata.str1.1      panel_key6.o
    0x080033eb   0x080033eb   0x00000001   PAD
    0x080033ec   0x080033ec   0x00000020   Data   RO         1485    Region$$Table       anon$$obj.o


    Execution Region RW_IRAM1 (Exec base: 0x20000000, Load base: 0x08003410, Size: 0x00000760, Max: 0x00002000, ABSOLUTE)

    Exec Addr    Load Addr    Size         Type   Attr      Idx    E Section Name        Object

    0x20000000   0x08003410   0x00000004   Data   RW         1448    .data               mc_p.l(stdout.o)
    0x20000004   0x08003414   0x00000008   Data   RW         1309    .data.PA15          gpio.o
    0x2000000c   0x0800341c   0x00000008   Data   RW         1302    .data.PA8           gpio.o
    0x20000014   0x08003424   0x00000008   Data   RW         1322    .data.PB12          gpio.o
    0x2000001c   0x0800342c   0x00000008   Data   RW         1323    .data.PB13          gpio.o
    0x20000024   0x08003434   0x00000008   Data   RW         1324    .data.PB14          gpio.o
    0x2000002c   0x0800343c   0x00000008   Data   RW         1325    .data.PB15          gpio.o
    0x20000034   0x08003444   0x00000008   Data   RW         1313    .data.PB3           gpio.o
    0x2000003c   0x0800344c   0x00000008   Data   RW         1314    .data.PB4           gpio.o
    0x20000044   0x08003454   0x00000008   Data   RW         1315    .data.PB5           gpio.o
    0x2000004c   0x0800345c   0x00000008   Data   RW         1316    .data.PB6           gpio.o
    0x20000054   0x08003464   0x00000008   Data   RW         1318    .data.PB8           gpio.o
    0x2000005c   0x0800346c   0x00000004   Data   RW           62    .data.SystemCoreClock  system_gd32e23x.o
    0x20000060        -       0x00000001   Zero   RW         1366    .bss.adc_index      panel_key6.o
    0x20000061   0x08003470   0x00000003   PAD
    0x20000064        -       0x00000028   Zero   RW         1365    .bss.adc_value_buffer  panel_key6.o
    0x2000008c        -       0x00000001   Zero   RW         1367    .bss.buffer_full    panel_key6.o
    0x2000008d   0x08003470   0x00000003   PAD
    0x20000090        -       0x00000004   Zero   RW           42    .bss.delay          systick.o
    0x20000094        -       0x0000000c   Zero   RW         1368    .bss.my_panel_status  panel_key6.o
    0x200000a0        -       0x0000000c   Zero   RW         1341    .bss.my_pwm_state   base.o
    0x200000ac        -       0x00000002   Zero   RW         1342    .bss.my_timer_id    base.o
    0x200000ae        -       0x00000202   Zero   RW         1245    .bss.rx_buffer      uart.o
    0x200002b0        -       0x00000004   Zero   RW         1243    .bss.rx_callback    uart.o
    0x200002b4        -       0x000000a0   Zero   RW         1286    .bss.soft_timers    timer.o
    0x20000354        -       0x00000004   Zero   RW         1285    .bss.system_ticks   timer.o
    0x20000358        -       0x00000004   Zero   RW         1264    .bss.voltage_callback  adc.o
    0x2000035c   0x08003470   0x00000004   PAD
    0x20000360        -       0x00000400   Zero   RW           70    STACK               startup_gd32e23x.o


==============================================================================

Image component sizes


      Code (inc. data)   RO Data    RW Data    ZI Data      Debug   Object Name

       388         32         22          0          4       2485   adc.o
       568         24          0          0         14       2146   base.o
       896         32          0          0          0       7675   gd32e23x_adc.o
       504          0          0          0          0       4272   gd32e23x_gpio.o
        56          0          0          0          0        999   gd32e23x_it.o
       264         20          0          0          0       3908   gd32e23x_misc.o
      1264         48          0          0          0      11308   gd32e23x_rcu.o
        44          4          0          0          0       2773   gd32e23x_syscfg.o
       590         48          0          0          0      16983   gd32e23x_timer.o
       874         28          0          0          0      13731   gd32e23x_usart.o
         0          0          0         88          0       1196   gpio.o
         8          0          0          0          0        428   jump_device.o
        54          0          0          0          0        624   main.o
       936        104         79          0         54       3214   panel_key6.o
        68         22        204          0       1024        736   startup_gd32e23x.o
       586         56          0          4          0       2328   system_gd32e23x.o
       292         20          0          0          4       2987   systick.o
       492         28          0          0        164       4632   timer.o
       728         68         18          0        518       5024   uart.o

    ----------------------------------------------------------------------
      8622        534        356         92       1792      87449   Object Totals
         0          0         32          0          0          0   (incl. Generated)
        10          0          1          0         10          0   (incl. Padding)

    ----------------------------------------------------------------------

      Code (inc. data)   RO Data    RW Data    ZI Data      Debug   Library Member Name

         0          0          0          0          0          0   entry.o
         0          0          0          0          0          0   entry10a.o
         0          0          0          0          0          0   entry11a.o
         8          4          0          0          0          0   entry2.o
         4          0          0          0          0          0   entry5.o
         0          0          0          0          0          0   entry7b.o
         0          0          0          0          0          0   entry8b.o
         8          4          0          0          0          0   entry9a.o
        30          0          0          0          0          0   handlers.o
        48         10          0          0          0         68   init.o
         0          0          0          0          0          0   iusefp.o
        32          0          0          0          0         68   llshl.o
        38          0          0          0          0         68   llsshr.o
        34          0          0          0          0         68   llushr.o
      2252         98          0          0          0        412   printfa.o
         0          0          0          4          0          0   stdout.o
        62          0          0          0          0         72   uidiv_div0.o
        96          0          0          0          0         84   uldiv.o
        40          2          0          0          0         68   cdrcmple.o
        56          0          0          0          0         68   d2f.o
       356          4          0          0          0        140   dadd.o
       240          6          0          0          0         84   ddiv.o
       236          0          0          0          0        216   depilogue.o
        64         10          0          0          0         68   dfixul.o
        28          4          0          0          0         68   dfltui.o
       208          6          0          0          0         88   dmul.o
       178          0          0          0          0        108   fadd.o
        28          0          0          0          0         60   fcmpgt.o
        28          0          0          0          0         60   fcmplt.o
       124          0          0          0          0         72   fdiv.o
       130          0          0          0          0        144   fepilogue.o
        14          0          0          0          0         68   ffltui.o

    ----------------------------------------------------------------------
      4346        148          0          4          0       2152   Library Totals
         4          0          0          0          0          0   (incl. Padding)

    ----------------------------------------------------------------------

      Code (inc. data)   RO Data    RW Data    ZI Data      Debug   Library Name

      2612        116          0          4          0        840   mc_p.l
      1730         32          0          0          0       1312   mf_p.l

    ----------------------------------------------------------------------
      4346        148          0          4          0       2152   Library Totals

    ----------------------------------------------------------------------

==============================================================================


      Code (inc. data)   RO Data    RW Data    ZI Data      Debug   

     12968        682        356         96       1792      88413   Grand Totals
     12968        682        356         96       1792      88413   ELF Image Totals
     12968        682        356         96          0          0   ROM Totals

==============================================================================

    Total RO  Size (Code + RO Data)                13324 (  13.01kB)
    Total RW  Size (RW Data + ZI Data)              1888 (   1.84kB)
    Total ROM Size (Code + RO Data + RW Data)      13420 (  13.11kB)

==============================================================================

